2026-07-16T15:01:13.131-04:00  INFO 3420 --- [ms-ubicacion] [main] c.p.u.controller.RegionControllerTest    : Starting RegionControllerTest using Java 21.0.11 with PID 3420 (started by tiare in C:\Users\tiare\Proyectos\inventario-farmacia\ms-ubicacion)
2026-07-16T15:01:13.149-04:00  INFO 3420 --- [ms-ubicacion] [main] c.p.u.controller.RegionControllerTest    : The following 1 profile is active: "dev"
2026-07-16T15:01:13.199-04:00 DEBUG 3420 --- [ms-ubicacion] [main] o.s.w.c.s.GenericWebApplicationContext   : Refreshing org.springframework.web.context.support.GenericWebApplicationContext@5e7e7a7e
2026-07-16T15:01:17.022-04:00 DEBUG 3420 --- [ms-ubicacion] [main] s.w.s.m.m.a.RequestMappingHandlerMapping : 7 mappings in 'requestMappingHandlerMapping'
2026-07-16T15:01:17.100-04:00 DEBUG 3420 --- [ms-ubicacion] [main] o.s.w.s.handler.SimpleUrlHandlerMapping  : Patterns [/webjars/**, /**] in 'resourceHandlerMapping'
2026-07-16T15:01:17.496-04:00 DEBUG 3420 --- [ms-ubicacion] [main] s.w.s.m.m.a.RequestMappingHandlerAdapter : ControllerAdvice beans: 0 @ModelAttribute, 0 @InitBinder, 2 RequestBodyAdvice, 1 ResponseBodyAdvice
2026-07-16T15:01:17.689-04:00 DEBUG 3420 --- [ms-ubicacion] [main] .m.m.a.ExceptionHandlerExceptionResolver : ControllerAdvice beans: 1 @ExceptionHandler, 1 ResponseBodyAdvice
2026-07-16T15:01:17.895-04:00  INFO 3420 --- [ms-ubicacion] [main] o.s.b.t.m.w.SpringBootMockServletContext : Initializing Spring TestDispatcherServlet ''
2026-07-16T15:01:17.895-04:00  INFO 3420 --- [ms-ubicacion] [main] o.s.t.web.servlet.TestDispatcherServlet  : Initializing Servlet ''
2026-07-16T15:01:17.900-04:00  INFO 3420 --- [ms-ubicacion] [main] o.s.t.web.servlet.TestDispatcherServlet  : Completed initialization in 5 ms
2026-07-16T15:01:17.985-04:00  INFO 3420 --- [ms-ubicacion] [main] c.p.u.controller.RegionControllerTest    : Started RegionControllerTest in 6.002 seconds (process running for 9.095)
2026-07-16T15:01:18.260-04:00 DEBUG 3420 --- [ms-ubicacion] [main] s.w.s.m.m.a.RequestMappingHandlerMapping : Mapped to com.pharmanet.ubicacion_service.controller.RegionController#mostrarTodos(Pageable)
2026-07-16T15:01:18.316-04:00  INFO 3420 --- [ms-ubicacion] [main] c.p.u.controller.RegionController        : Inicia búsqueda de todas las regiones.
2026-07-16T15:01:18.430-04:00 DEBUG 3420 --- [ms-ubicacion] [main] o.s.w.s.m.m.a.HttpEntityMethodProcessor  : Using 'application/json', given [*/*] and supported [application/json, application/*+json, application/yaml]
2026-07-16T15:01:18.435-04:00 DEBUG 3420 --- [ms-ubicacion] [main] o.s.w.s.m.m.a.HttpEntityMethodProcessor  : Nothing to write: null body
2026-07-16T15:01:18.484-04:00 DEBUG 3420 --- [ms-ubicacion] [main] s.w.s.m.m.a.RequestMappingHandlerMapping : Mapped to com.pharmanet.ubicacion_service.controller.RegionController#eliminarRegion(String)
2026-07-16T15:01:18.517-04:00 DEBUG 3420 --- [ms-ubicacion] [main] o.s.w.s.m.m.a.HttpEntityMethodProcessor  : Using 'application/json', given [*/*] and supported [application/json, application/*+json]
2026-07-16T15:01:18.519-04:00 DEBUG 3420 --- [ms-ubicacion] [main] o.s.w.s.m.m.a.HttpEntityMethodProcessor  : Nothing to write: null body
2026-07-16T15:01:18.540-04:00 DEBUG 3420 --- [ms-ubicacion] [main] s.w.s.m.m.a.RequestMappingHandlerMapping : Mapped to com.pharmanet.ubicacion_service.controller.RegionController#agregarRegion(RegionDto)
2026-07-16T15:01:18.697-04:00 DEBUG 3420 --- [ms-ubicacion] [main] m.m.a.RequestResponseBodyMethodProcessor : Read "application/json;charset=UTF-8" to [RegionDto(codRegion=RM, descripcion=Región Metropolitana de Santiago)]
2026-07-16T15:01:18.868-04:00 DEBUG 3420 --- [ms-ubicacion] [main] o.s.w.s.m.m.a.HttpEntityMethodProcessor  : Using 'application/json', given [*/*] and supported [application/json, application/*+json, application/yaml]
2026-07-16T15:01:18.868-04:00 DEBUG 3420 --- [ms-ubicacion] [main] o.s.w.s.m.m.a.HttpEntityMethodProcessor  : Writing [RegionDto(codRegion=5, descripcion=Región de Valparaíso)]
2026-07-16T15:01:18.973-04:00 DEBUG 3420 --- [ms-ubicacion] [main] s.w.s.m.m.a.RequestMappingHandlerMapping : Mapped to com.pharmanet.ubicacion_service.controller.RegionController#buscarRegion(String)
2026-07-16T15:01:18.977-04:00 DEBUG 3420 --- [ms-ubicacion] [main] o.s.w.s.m.m.a.HttpEntityMethodProcessor  : Using 'application/json', given [*/*] and supported [application/json, application/*+json, application/yaml]
2026-07-16T15:01:18.979-04:00 DEBUG 3420 --- [ms-ubicacion] [main] o.s.w.s.m.m.a.HttpEntityMethodProcessor  : Writing [RegionDto(codRegion=5, descripcion=Región de Valparaíso)]
2026-07-16T15:01:19.018-04:00 DEBUG 3420 --- [ms-ubicacion] [main] s.w.s.m.m.a.RequestMappingHandlerMapping : Mapped to com.pharmanet.ubicacion_service.controller.RegionController#actualizarRegion(RegionDto)
2026-07-16T15:01:19.023-04:00 DEBUG 3420 --- [ms-ubicacion] [main] m.m.a.RequestResponseBodyMethodProcessor : Read "application/json;charset=UTF-8" to [RegionDto(codRegion=RM, descripcion=Región Metropolitana de Santiago)]
2026-07-16T15:01:19.025-04:00 DEBUG 3420 --- [ms-ubicacion] [main] o.s.w.s.m.m.a.HttpEntityMethodProcessor  : Using 'application/json', given [*/*] and supported [application/json, application/*+json]
2026-07-16T15:01:19.027-04:00 DEBUG 3420 --- [ms-ubicacion] [main] o.s.w.s.m.m.a.HttpEntityMethodProcessor  : Nothing to write: null body
2026-07-16T15:01:19.754-04:00  INFO 3420 --- [ms-ubicacion] [main] c.p.u.service.ComunaService              : Inicia agregado de comuna.
2026-07-16T15:01:19.756-04:00  INFO 3420 --- [ms-ubicacion] [main] c.p.ubicacion_service.dto.ComunaMapper   : Inicia conversión de objeto dto a entidad
2026-07-16T15:01:19.756-04:00  INFO 3420 --- [ms-ubicacion] [main] c.p.ubicacion_service.dto.ComunaMapper   : Inicia conversión a de entidad a objeto dto
2026-07-16T15:01:19.805-04:00  INFO 3420 --- [ms-ubicacion] [main] c.p.u.service.ComunaService              : Inicia actualización de comuna
2026-07-16T15:01:19.809-04:00  INFO 3420 --- [ms-ubicacion] [main] c.p.ubicacion_service.dto.ComunaMapper   : Inicia actualización de comuna actual por datos nuevos
2026-07-16T15:01:19.816-04:00  INFO 3420 --- [ms-ubicacion] [main] c.p.u.service.ComunaService              : Inicia búsqueda de comuna
2026-07-16T15:01:19.826-04:00  INFO 3420 --- [ms-ubicacion] [main] c.p.u.service.ComunaService              : Inicia búsqueda de la comuna por código.
2026-07-16T15:01:19.835-04:00  INFO 3420 --- [ms-ubicacion] [main] c.p.u.service.ComunaService              : Inicia búsqueda de la comuna por código.
2026-07-16T15:01:19.835-04:00  INFO 3420 --- [ms-ubicacion] [main] c.p.ubicacion_service.dto.ComunaMapper   : Inicia conversión a de entidad a objeto dto
2026-07-16T15:01:19.840-04:00  INFO 3420 --- [ms-ubicacion] [main] c.p.u.service.ComunaService              : Inicia agregado de comuna.
2026-07-16T15:01:19.846-04:00  INFO 3420 --- [ms-ubicacion] [main] c.p.u.service.ComunaService              : Inicia eliminación de la comuna
2026-07-16T15:01:19.851-04:00  INFO 3420 --- [ms-ubicacion] [main] c.p.u.service.ComunaService              : Inicia eliminación de la comuna
2026-07-16T15:01:19.858-04:00  INFO 3420 --- [ms-ubicacion] [main] c.p.u.service.ComunaService              : Inicia actualización de comuna
2026-07-16T15:01:19.870-04:00  INFO 3420 --- [ms-ubicacion] [main] c.p.ubicacion_service.dto.ComunaMapper   : Inicia conversión a de entidad a objeto dto
2026-07-16T15:01:19.872-04:00  INFO 3420 --- [ms-ubicacion] [main] c.p.u.service.ComunaService              : Inicia búsqueda de comuna
2026-07-16T15:01:19.876-04:00  INFO 3420 --- [ms-ubicacion] [main] c.p.ubicacion_service.dto.ComunaMapper   : Inicia conversión a de entidad a objeto dto
2026-07-16T15:01:19.880-04:00  INFO 3420 --- [ms-ubicacion] [main] c.p.u.service.ComunaService              : Inicia agregado de comuna.
2026-07-16T15:01:19.884-04:00  INFO 3420 --- [ms-ubicacion] [main] c.p.u.service.ComunaService              : Inicia actualización de comuna
2026-07-16T15:01:19.892-04:00  INFO 3420 --- [ms-ubicacion] [main] c.p.u.service.ComunaService              : Inicia agregado de comuna.
2026-07-16T15:01:19.901-04:00  INFO 3420 --- [ms-ubicacion] [main] c.p.u.service.RegionService              : Inicia búsqueda de región por código de región.
2026-07-16T15:01:19.901-04:00  INFO 3420 --- [ms-ubicacion] [main] c.p.u.service.RegionService              : Valida que la región exista.
2026-07-16T15:01:19.903-04:00  INFO 3420 --- [ms-ubicacion] [main] c.p.ubicacion_service.dto.RegionMapper   : Inicia conversión de entidad a objeto dto.
2026-07-16T15:01:19.909-04:00  INFO 3420 --- [ms-ubicacion] [main] c.p.u.service.RegionService              : Inicia agregado de región.
2026-07-16T15:01:19.909-04:00  INFO 3420 --- [ms-ubicacion] [main] c.p.u.service.RegionService              : Validación de que región no exista
2026-07-16T15:01:19.909-04:00  INFO 3420 --- [ms-ubicacion] [main] c.p.ubicacion_service.dto.RegionMapper   : Inicia conversión de objeto dto a región.
2026-07-16T15:01:19.911-04:00  INFO 3420 --- [ms-ubicacion] [main] c.p.ubicacion_service.dto.RegionMapper   : Inicia conversión de entidad a objeto dto.
2026-07-16T15:01:19.916-04:00  INFO 3420 --- [ms-ubicacion] [main] c.p.u.service.RegionService              : Inicia actualización de región
2026-07-16T15:01:19.918-04:00  INFO 3420 --- [ms-ubicacion] [main] c.p.u.service.RegionService              : Valida que la región exista.
2026-07-16T15:01:19.918-04:00  INFO 3420 --- [ms-ubicacion] [main] c.p.ubicacion_service.dto.RegionMapper   : Inicia actualización de región actual por la región nueva.
2026-07-16T15:01:19.924-04:00  INFO 3420 --- [ms-ubicacion] [main] c.p.u.service.RegionService              : Inicia búsqueda de región por código de región.
2026-07-16T15:01:19.927-04:00  INFO 3420 --- [ms-ubicacion] [main] c.p.u.service.RegionService              : Valida que la región exista.
2026-07-16T15:01:19.934-04:00  INFO 3420 --- [ms-ubicacion] [main] c.p.u.service.RegionService              : Inicia eliminación de la región
2026-07-16T15:01:19.941-04:00  INFO 3420 --- [ms-ubicacion] [main] c.p.u.service.RegionService              : Inicia eliminación de la región
2026-07-16T15:01:19.946-04:00  INFO 3420 --- [ms-ubicacion] [main] c.p.u.service.RegionService              : Inicia actualización de región
2026-07-16T15:01:19.949-04:00  INFO 3420 --- [ms-ubicacion] [main] c.p.u.service.RegionService              : Valida que la región exista.
2026-07-16T15:01:19.955-04:00  INFO 3420 --- [ms-ubicacion] [main] c.p.ubicacion_service.dto.RegionMapper   : Inicia conversión de entidad a objeto dto.
2026-07-16T15:01:19.962-04:00  INFO 3420 --- [ms-ubicacion] [main] c.p.u.service.RegionService              : Inicia agregado de región.
2026-07-16T15:01:19.962-04:00  INFO 3420 --- [ms-ubicacion] [main] c.p.u.service.RegionService              : Validación de que región no exista
2026-07-16T15:01:19.968-04:00  INFO 3420 --- [ms-ubicacion] [main] c.p.u.service.RegionService              : Inicia agregado de región.
2026-07-16T15:01:19.968-04:00  INFO 3420 --- [ms-ubicacion] [main] c.p.u.service.RegionService              : Validación de que región no exista
2026-07-16T15:01:19.976-04:00  INFO 3420 --- [ms-ubicacion] [main] t.c.s.AnnotationConfigContextLoaderUtils : Could not detect default configuration classes for test class [com.pharmanet.ubicacion_service.UbicacionServiceApplicationTest]: UbicacionServiceApplicationTest does not declare any static, non-private, non-final, nested classes annotated with @Configuration.
2026-07-16T15:01:19.990-04:00  INFO 3420 --- [ms-ubicacion] [main] .b.t.c.SpringBootTestContextBootstrapper : Found @SpringBootConfiguration com.pharmanet.ubicacion_service.UbicacionServiceApplication for test class com.pharmanet.ubicacion_service.UbicacionServiceApplicationTest
2026-07-16T15:01:19.999-04:00  INFO 3420 --- [ms-ubicacion] [main] t.c.s.AnnotationConfigContextLoaderUtils : Could not detect default configuration classes for test class [com.pharmanet.ubicacion_service.UbicacionServiceApplicationTest]: UbicacionServiceApplicationTest does not declare any static, non-private, non-final, nested classes annotated with @Configuration.
2026-07-16T15:01:20.000-04:00  INFO 3420 --- [ms-ubicacion] [main] .b.t.c.SpringBootTestContextBootstrapper : Found @SpringBootConfiguration com.pharmanet.ubicacion_service.UbicacionServiceApplication for test class com.pharmanet.ubicacion_service.UbicacionServiceApplicationTest
2026-07-16T15:01:20.014-04:00  INFO 3420 --- [ms-ubicacion] [main] o.s.b.d.r.RestartApplicationListener     : Restart disabled due to context in which it is running
2026-07-16T15:01:20.087-04:00  INFO 3420 --- [ms-ubicacion] [main] c.p.u.UbicacionServiceApplicationTest    : Starting UbicacionServiceApplicationTest using Java 21.0.11 with PID 3420 (started by tiare in C:\Users\tiare\Proyectos\inventario-farmacia\ms-ubicacion)
2026-07-16T15:01:20.087-04:00  INFO 3420 --- [ms-ubicacion] [main] c.p.u.UbicacionServiceApplicationTest    : The following 1 profile is active: "test"
2026-07-16T15:01:20.091-04:00 DEBUG 3420 --- [ms-ubicacion] [main] o.s.w.c.s.GenericWebApplicationContext   : Refreshing org.springframework.web.context.support.GenericWebApplicationContext@6d1aa79c
2026-07-16T15:01:21.313-04:00  INFO 3420 --- [ms-ubicacion] [main] .s.d.r.c.RepositoryConfigurationDelegate : Bootstrapping Spring Data JPA repositories in DEFAULT mode.
2026-07-16T15:01:21.432-04:00  INFO 3420 --- [ms-ubicacion] [main] .s.d.r.c.RepositoryConfigurationDelegate : Finished Spring Data repository scanning in 93 ms. Found 2 JPA repository interfaces.
2026-07-16T15:01:21.987-04:00  INFO 3420 --- [ms-ubicacion] [main] o.s.cloud.context.scope.GenericScope     : BeanFactory id=293d5ba2-84d0-3cf5-bcc8-2f0145f66fe6
2026-07-16T15:01:22.411-04:00  INFO 3420 --- [ms-ubicacion] [main] org.hibernate.orm.jpa                    : HHH008540: Processing PersistenceUnitInfo [name: default]
2026-07-16T15:01:22.580-04:00  INFO 3420 --- [ms-ubicacion] [main] org.hibernate.orm.core                   : HHH000001: Hibernate ORM core version 7.2.19.Final
2026-07-16T15:01:23.291-04:00  INFO 3420 --- [ms-ubicacion] [main] o.s.o.j.p.SpringPersistenceUnitInfo      : No LoadTimeWeaver setup: ignoring JPA class transformer
2026-07-16T15:01:23.359-04:00  INFO 3420 --- [ms-ubicacion] [main] com.zaxxer.hikari.HikariDataSource       : HikariPool-1 - Starting...
2026-07-16T15:01:23.821-04:00  INFO 3420 --- [ms-ubicacion] [main] com.zaxxer.hikari.pool.HikariPool        : HikariPool-1 - Added connection conn0: url=jdbc:h2:mem:testdb user=SA
2026-07-16T15:01:23.824-04:00  INFO 3420 --- [ms-ubicacion] [main] com.zaxxer.hikari.HikariDataSource       : HikariPool-1 - Start completed.
2026-07-16T15:01:23.872-04:00  WARN 3420 --- [ms-ubicacion] [main] org.hibernate.orm.deprecation            : HHH90000025: H2Dialect does not need to be specified explicitly using 'hibernate.dialect' (remove the property setting and it will be selected by default)
2026-07-16T15:01:23.928-04:00  INFO 3420 --- [ms-ubicacion] [main] org.hibernate.orm.connections.pooling    : HHH10001005: Database info:
	Database JDBC URL [jdbc:h2:mem:testdb]
	Database driver: H2 JDBC Driver
	Database dialect: H2Dialect
	Database version: 2.4.240
	Default catalog/schema: TESTDB/PUBLIC
	Autocommit mode: undefined/unknown
	Isolation level: READ_COMMITTED [default READ_COMMITTED]
	JDBC fetch size: 100
	Pool: DataSourceConnectionProvider
	Minimum pool size: undefined/unknown
	Maximum pool size: undefined/unknown
2026-07-16T15:01:25.569-04:00  INFO 3420 --- [ms-ubicacion] [main] org.hibernate.orm.core                   : HHH000489: No JTA platform available (set 'hibernate.transaction.jta.platform' to enable JTA platform integration)
2026-07-16T15:01:25.736-04:00  INFO 3420 --- [ms-ubicacion] [main] j.LocalContainerEntityManagerFactoryBean : Initialized JPA EntityManagerFactory for persistence unit 'default'
2026-07-16T15:01:25.860-04:00  INFO 3420 --- [ms-ubicacion] [main] o.s.d.j.r.query.QueryEnhancerFactories   : Hibernate is in classpath; If applicable, HQL parser will be used.
2026-07-16T15:01:26.583-04:00  WARN 3420 --- [ms-ubicacion] [main] JpaBaseConfiguration$JpaWebConfiguration : spring.jpa.open-in-view is enabled by default. Therefore, database queries may be performed during view rendering. Explicitly configure spring.jpa.open-in-view to disable this warning
2026-07-16T15:01:26.676-04:00 DEBUG 3420 --- [ms-ubicacion] [main] s.w.s.m.m.a.RequestMappingHandlerMapping : 17 mappings in 'requestMappingHandlerMapping'
2026-07-16T15:01:26.693-04:00 DEBUG 3420 --- [ms-ubicacion] [main] o.s.w.s.handler.SimpleUrlHandlerMapping  : Patterns [/webjars/**, /**, /doc/swagger-ui*/*swagger-initializer.js, /doc/swagger-ui*/**] in 'resourceHandlerMapping'
2026-07-16T15:01:26.706-04:00 DEBUG 3420 --- [ms-ubicacion] [main] s.w.s.m.m.a.RequestMappingHandlerAdapter : ControllerAdvice beans: 0 @ModelAttribute, 0 @InitBinder, 2 RequestBodyAdvice, 1 ResponseBodyAdvice
2026-07-16T15:01:26.715-04:00 DEBUG 3420 --- [ms-ubicacion] [main] .m.m.a.ExceptionHandlerExceptionResolver : ControllerAdvice beans: 2 @ExceptionHandler, 1 ResponseBodyAdvice
2026-07-16T15:01:27.262-04:00  INFO 3420 --- [ms-ubicacion] [main] DiscoveryClientOptionalArgsConfiguration : Eureka HTTP Client uses RestClient.
2026-07-16T15:01:27.349-04:00  WARN 3420 --- [ms-ubicacion] [main] iguration$LoadBalancerCaffeineWarnLogger : Spring Cloud LoadBalancer is currently working with the default cache. While this cache implementation is useful for development and tests, it's recommended to use Caffeine cache in production.You can switch to using Caffeine cache, by adding it and org.springframework.cache.caffeine.CaffeineCacheManager to the classpath.
2026-07-16T15:01:27.398-04:00  INFO 3420 --- [ms-ubicacion] [main] o.s.c.n.eureka.InstanceInfoFactory       : Setting initial instance status as: STARTING
2026-07-16T15:01:27.434-04:00  INFO 3420 --- [ms-ubicacion] [main] com.netflix.discovery.DiscoveryClient    : Initializing Eureka in region us-east-1
2026-07-16T15:01:27.453-04:00  INFO 3420 --- [ms-ubicacion] [main] c.n.d.s.r.aws.ConfigClusterResolver      : Resolving eureka endpoints via configuration
2026-07-16T15:01:27.456-04:00  WARN 3420 --- [ms-ubicacion] [main] c.n.d.s.r.aws.ConfigClusterResolver      : Invalid eureka server URI: ${EUREKA_URL}/; removing from the server pool
2026-07-16T15:01:27.456-04:00 ERROR 3420 --- [ms-ubicacion] [main] c.n.d.s.r.aws.ConfigClusterResolver      : Cannot resolve to any endpoints from provided configuration: {defaultZone=[${EUREKA_URL}/]}
2026-07-16T15:01:27.456-04:00 ERROR 3420 --- [ms-ubicacion] [main] c.n.d.s.transport.EurekaHttpClients      : Initial resolution of Eureka server endpoints failed. Check ConfigClusterResolver logs for more info
2026-07-16T15:01:27.472-04:00  INFO 3420 --- [ms-ubicacion] [main] com.netflix.discovery.DiscoveryClient    : Disable delta property : false
2026-07-16T15:01:27.472-04:00  INFO 3420 --- [ms-ubicacion] [main] com.netflix.discovery.DiscoveryClient    : Single vip registry refresh property : null
2026-07-16T15:01:27.472-04:00  INFO 3420 --- [ms-ubicacion] [main] com.netflix.discovery.DiscoveryClient    : Force full registry fetch : false
2026-07-16T15:01:27.472-04:00  INFO 3420 --- [ms-ubicacion] [main] com.netflix.discovery.DiscoveryClient    : Application is null : false
2026-07-16T15:01:27.472-04:00  INFO 3420 --- [ms-ubicacion] [main] com.netflix.discovery.DiscoveryClient    : Registered Applications size is zero : true
2026-07-16T15:01:27.472-04:00  INFO 3420 --- [ms-ubicacion] [main] com.netflix.discovery.DiscoveryClient    : Application version is -1: true
2026-07-16T15:01:27.472-04:00  INFO 3420 --- [ms-ubicacion] [main] com.netflix.discovery.DiscoveryClient    : Getting all instance registry info from the eureka server
2026-07-16T15:01:27.472-04:00  INFO 3420 --- [ms-ubicacion] [main] com.netflix.discovery.DiscoveryClient    : DiscoveryClient_MS-UBICACION/Tititi:ms-ubicacion:8087 - was unable to refresh its cache! This periodic background refresh will be retried in 30 seconds. status = There is no known eureka server; cluster server list is empty stacktrace = com.netflix.discovery.shared.transport.TransportException: There is no known eureka server; cluster server list is empty
	at com.netflix.discovery.shared.transport.decorator.RetryableEurekaHttpClient.execute(RetryableEurekaHttpClient.java:108)
	at com.netflix.discovery.shared.transport.decorator.EurekaHttpClientDecorator.getApplications(EurekaHttpClientDecorator.java:134)
	at com.netflix.discovery.shared.transport.decorator.EurekaHttpClientDecorator$6.execute(EurekaHttpClientDecorator.java:137)
	at com.netflix.discovery.shared.transport.decorator.SessionedEurekaHttpClient.execute(SessionedEurekaHttpClient.java:76)
	at com.netflix.discovery.shared.transport.decorator.EurekaHttpClientDecorator.getApplications(EurekaHttpClientDecorator.java:134)
	at com.netflix.discovery.DiscoveryClient.getAndStoreFullRegistry(DiscoveryClient.java:1046)
	at com.netflix.discovery.DiscoveryClient.fetchRegistry(DiscoveryClient.java:961)
	at com.netflix.discovery.DiscoveryClient.<init>(DiscoveryClient.java:410)
	at com.netflix.discovery.DiscoveryClient.<init>(DiscoveryClient.java:245)
	at com.netflix.discovery.DiscoveryClient.<init>(DiscoveryClient.java:240)
	at org.springframework.cloud.netflix.eureka.CloudEurekaClient.<init>(CloudEurekaClient.java:68)
	at org.springframework.cloud.netflix.eureka.EurekaClientAutoConfiguration$RefreshableEurekaClientConfiguration.eurekaClient(EurekaClientAutoConfiguration.java:324)
	at java.base/jdk.internal.reflect.DirectMethodHandleAccessor.invoke(DirectMethodHandleAccessor.java:103)
	at java.base/java.lang.reflect.Method.invoke(Method.java:580)
	at org.springframework.beans.factory.support.SimpleInstantiationStrategy.lambda$instantiate$0(SimpleInstantiationStrategy.java:155)
	at org.springframework.beans.factory.support.SimpleInstantiationStrategy.instantiateWithFactoryMethod(SimpleInstantiationStrategy.java:72)
	at org.springframework.beans.factory.support.SimpleInstantiationStrategy.instantiate(SimpleInstantiationStrategy.java:152)
	at org.springframework.beans.factory.support.ConstructorResolver.instantiate(ConstructorResolver.java:653)
	at org.springframework.beans.factory.support.ConstructorResolver.instantiateUsingFactoryMethod(ConstructorResolver.java:645)
	at org.springframework.beans.factory.support.AbstractAutowireCapableBeanFactory.instantiateUsingFactoryMethod(AbstractAutowireCapableBeanFactory.java:1360)
	at org.springframework.beans.factory.support.AbstractAutowireCapableBeanFactory.createBeanInstance(AbstractAutowireCapableBeanFactory.java:1192)
	at org.springframework.beans.factory.support.AbstractAutowireCapableBeanFactory.doCreateBean(AbstractAutowireCapableBeanFactory.java:565)
	at org.springframework.beans.factory.support.AbstractAutowireCapableBeanFactory.createBean(AbstractAutowireCapableBeanFactory.java:525)
	at org.springframework.beans.factory.support.AbstractBeanFactory.lambda$doGetBean$1(AbstractBeanFactory.java:372)
	at org.springframework.cloud.context.scope.GenericScope$BeanLifecycleWrapper.getBean(GenericScope.java:373)
	at org.springframework.cloud.context.scope.GenericScope.get(GenericScope.java:177)
	at org.springframework.beans.factory.support.AbstractBeanFactory.doGetBean(AbstractBeanFactory.java:369)
	at org.springframework.beans.factory.support.AbstractBeanFactory.getBean(AbstractBeanFactory.java:196)
	at org.springframework.aop.target.SimpleBeanTargetSource.getTarget(SimpleBeanTargetSource.java:35)
	at org.springframework.cloud.netflix.eureka.serviceregistry.EurekaRegistration.getTargetObject(EurekaRegistration.java:128)
	at org.springframework.cloud.netflix.eureka.serviceregistry.EurekaRegistration.getEurekaClient(EurekaRegistration.java:116)
	at java.base/jdk.internal.reflect.DirectMethodHandleAccessor.invoke(DirectMethodHandleAccessor.java:103)
	at java.base/java.lang.reflect.Method.invoke(Method.java:580)
	at org.springframework.util.ReflectionUtils.invokeMethod(ReflectionUtils.java:281)
	at org.springframework.cloud.context.scope.GenericScope$LockedScopedProxyFactoryBean.invoke(GenericScope.java:480)
	at org.springframework.aop.framework.ReflectiveMethodInvocation.proceed(ReflectiveMethodInvocation.java:179)
	at org.springframework.aop.framework.CglibAopProxy$DynamicAdvisedInterceptor.intercept(CglibAopProxy.java:719)
	at org.springframework.cloud.netflix.eureka.serviceregistry.EurekaRegistration$$SpringCGLIB$$0.getEurekaClient(<generated>)
	at org.springframework.cloud.netflix.eureka.serviceregistry.EurekaServiceRegistry.maybeInitializeClient(EurekaServiceRegistry.java:83)
	at org.springframework.cloud.netflix.eureka.serviceregistry.EurekaServiceRegistry.register(EurekaServiceRegistry.java:66)
	at org.springframework.cloud.netflix.eureka.serviceregistry.EurekaAutoServiceRegistration.start(EurekaAutoServiceRegistration.java:89)
	at org.springframework.context.support.DefaultLifecycleProcessor.doStart(DefaultLifecycleProcessor.java:420)
	at org.springframework.context.support.DefaultLifecycleProcessor.doStart(DefaultLifecycleProcessor.java:409)
	at org.springframework.context.support.DefaultLifecycleProcessor$LifecycleGroup.start(DefaultLifecycleProcessor.java:613)
	at java.base/java.lang.Iterable.forEach(Iterable.java:75)
	at org.springframework.context.support.DefaultLifecycleProcessor.startBeans(DefaultLifecycleProcessor.java:379)
	at org.springframework.context.support.DefaultLifecycleProcessor.onRefresh(DefaultLifecycleProcessor.java:306)
	at org.springframework.context.support.AbstractApplicationContext.finishRefresh(AbstractApplicationContext.java:1013)
	at org.springframework.context.support.AbstractApplicationContext.refresh(AbstractApplicationContext.java:624)
	at org.springframework.boot.SpringApplication.refresh(SpringApplication.java:756)
	at org.springframework.boot.SpringApplication.refreshContext(SpringApplication.java:445)
	at org.springframework.boot.SpringApplication.run(SpringApplication.java:321)
	at org.springframework.boot.test.context.SpringBootContextLoader.lambda$loadContext$2(SpringBootContextLoader.java:155)
	at org.springframework.util.function.ThrowingSupplier.get(ThrowingSupplier.java:58)
	at org.springframework.util.function.ThrowingSupplier.get(ThrowingSupplier.java:46)
	at org.springframework.boot.SpringApplication.withHook(SpringApplication.java:1465)
	at org.springframework.boot.test.context.SpringBootContextLoader$ContextLoaderHook.run(SpringBootContextLoader.java:600)
	at org.springframework.boot.test.context.SpringBootContextLoader.loadContext(SpringBootContextLoader.java:155)
	at org.springframework.boot.test.context.SpringBootContextLoader.loadContext(SpringBootContextLoader.java:114)
	at org.springframework.test.context.cache.DefaultCacheAwareContextLoaderDelegate.loadContextInternal(DefaultCacheAwareContextLoaderDelegate.java:247)
	at org.springframework.test.context.cache.DefaultCacheAwareContextLoaderDelegate.lambda$loadContext$0(DefaultCacheAwareContextLoaderDelegate.java:167)
	at org.springframework.test.context.cache.DefaultContextCache.put(DefaultContextCache.java:214)
	at org.springframework.test.context.cache.DefaultCacheAwareContextLoaderDelegate.loadContext(DefaultCacheAwareContextLoaderDelegate.java:160)
	at org.springframework.test.context.support.DefaultTestContext.getApplicationContext(DefaultTestContext.java:128)
	at org.springframework.test.context.web.ServletTestExecutionListener.setUpRequestContextIfNecessary(ServletTestExecutionListener.java:200)
	at org.springframework.test.context.web.ServletTestExecutionListener.prepareTestInstance(ServletTestExecutionListener.java:139)
	at org.springframework.test.context.TestContextManager.prepareTestInstance(TestContextManager.java:260)
	at org.springframework.test.context.junit.jupiter.SpringExtension.postProcessTestInstance(SpringExtension.java:242)
	at org.junit.jupiter.engine.descriptor.ClassBasedTestDescriptor.lambda$invokeTestInstancePostProcessors$1(ClassBasedTestDescriptor.java:423)
	at org.junit.jupiter.engine.descriptor.ClassBasedTestDescriptor.executeAndMaskThrowable(ClassBasedTestDescriptor.java:428)
	at org.junit.jupiter.engine.descriptor.ClassBasedTestDescriptor.lambda$invokeTestInstancePostProcessors$0(ClassBasedTestDescriptor.java:422)
	at java.base/java.util.stream.ForEachOps$ForEachOp$OfRef.accept(ForEachOps.java:184)
	at java.base/java.util.stream.ReferencePipeline$3$1.accept(ReferencePipeline.java:197)
	at java.base/java.util.stream.ReferencePipeline$2$1.accept(ReferencePipeline.java:179)
	at java.base/java.util.stream.ReferencePipeline$3$1.accept(ReferencePipeline.java:197)
	at java.base/java.util.ArrayList$ArrayListSpliterator.forEachRemaining(ArrayList.java:1708)
	at java.base/java.util.stream.AbstractPipeline.copyInto(AbstractPipeline.java:509)
	at java.base/java.util.stream.AbstractPipeline.wrapAndCopyInto(AbstractPipeline.java:499)
	at java.base/java.util.stream.ForEachOps$ForEachOp.evaluateSequential(ForEachOps.java:151)
	at java.base/java.util.stream.ForEachOps$ForEachOp$OfRef.evaluateSequential(ForEachOps.java:174)
	at java.base/java.util.stream.AbstractPipeline.evaluate(AbstractPipeline.java:234)
	at java.base/java.util.stream.ReferencePipeline.forEach(ReferencePipeline.java:596)
	at org.junit.jupiter.engine.descriptor.ClassBasedTestDescriptor.invokeTestInstancePostProcessors(ClassBasedTestDescriptor.java:422)
	at org.junit.jupiter.engine.descriptor.ClassBasedTestDescriptor.lambda$instantiateAndPostProcessTestInstance$0(ClassBasedTestDescriptor.java:334)
	at org.junit.platform.engine.support.hierarchical.ThrowableCollector.execute(ThrowableCollector.java:74)
	at org.junit.jupiter.engine.descriptor.ClassBasedTestDescriptor.instantiateAndPostProcessTestInstance(ClassBasedTestDescriptor.java:333)
	at org.junit.jupiter.engine.descriptor.ClassBasedTestDescriptor.lambda$testInstancesProvider$1(ClassBasedTestDescriptor.java:322)
	at java.base/java.util.Optional.orElseGet(Optional.java:364)
	at org.junit.jupiter.engine.descriptor.ClassBasedTestDescriptor.lambda$testInstancesProvider$0(ClassBasedTestDescriptor.java:321)
	at org.junit.jupiter.engine.execution.TestInstancesProvider.getTestInstances(TestInstancesProvider.java:27)
	at org.junit.jupiter.engine.descriptor.TestMethodTestDescriptor.lambda$prepare$0(TestMethodTestDescriptor.java:127)
	at org.junit.platform.engine.support.hierarchical.ThrowableCollector.execute(ThrowableCollector.java:74)
	at org.junit.jupiter.engine.descriptor.TestMethodTestDescriptor.prepare(TestMethodTestDescriptor.java:126)
	at org.junit.jupiter.engine.descriptor.TestMethodTestDescriptor.prepare(TestMethodTestDescriptor.java:70)
	at org.junit.platform.engine.support.hierarchical.NodeTestTask.lambda$prepare$0(NodeTestTask.java:144)
	at org.junit.platform.engine.support.hierarchical.ThrowableCollector.execute(ThrowableCollector.java:74)
	at org.junit.platform.engine.support.hierarchical.NodeTestTask.prepare(NodeTestTask.java:144)
	at org.junit.platform.engine.support.hierarchical.NodeTestTask.execute(NodeTestTask.java:110)
	at java.base/java.util.ArrayList.forEach(ArrayList.java:1596)
	at org.junit.platform.engine.support.hierarchical.SameThreadHierarchicalTestExecutorService.invokeAll(SameThreadHierarchicalTestExecutorService.java:42)
	at org.junit.platform.engine.support.hierarchical.NodeTestTask.lambda$executeRecursively$2(NodeTestTask.java:180)
	at org.junit.platform.engine.support.hierarchical.ThrowableCollector.execute(ThrowableCollector.java:74)
	at org.junit.platform.engine.support.hierarchical.NodeTestTask.lambda$executeRecursively$1(NodeTestTask.java:166)
	at org.junit.platform.engine.support.hierarchical.Node.around(Node.java:138)
	at org.junit.platform.engine.support.hierarchical.NodeTestTask.lambda$executeRecursively$0(NodeTestTask.java:164)
	at org.junit.platform.engine.support.hierarchical.ThrowableCollector.execute(ThrowableCollector.java:74)
	at org.junit.platform.engine.support.hierarchical.NodeTestTask.executeRecursively(NodeTestTask.java:163)
	at org.junit.platform.engine.support.hierarchical.NodeTestTask.execute(NodeTestTask.java:116)
	at java.base/java.util.ArrayList.forEach(ArrayList.java:1596)
	at org.junit.platform.engine.support.hierarchical.SameThreadHierarchicalTestExecutorService.invokeAll(SameThreadHierarchicalTestExecutorService.java:42)
	at org.junit.platform.engine.support.hierarchical.NodeTestTask.lambda$executeRecursively$2(NodeTestTask.java:180)
	at org.junit.platform.engine.support.hierarchical.ThrowableCollector.execute(ThrowableCollector.java:74)
	at org.junit.platform.engine.support.hierarchical.NodeTestTask.lambda$executeRecursively$1(NodeTestTask.java:166)
	at org.junit.platform.engine.support.hierarchical.Node.around(Node.java:138)
	at org.junit.platform.engine.support.hierarchical.NodeTestTask.lambda$executeRecursively$0(NodeTestTask.java:164)
	at org.junit.platform.engine.support.hierarchical.ThrowableCollector.execute(ThrowableCollector.java:74)
	at org.junit.platform.engine.support.hierarchical.NodeTestTask.executeRecursively(NodeTestTask.java:163)
	at org.junit.platform.engine.support.hierarchical.NodeTestTask.execute(NodeTestTask.java:116)
	at org.junit.platform.engine.support.hierarchical.SameThreadHierarchicalTestExecutorService.submit(SameThreadHierarchicalTestExecutorService.java:36)
	at org.junit.platform.engine.support.hierarchical.HierarchicalTestExecutor.execute(HierarchicalTestExecutor.java:52)
	at org.junit.platform.engine.support.hierarchical.HierarchicalTestEngine.execute(HierarchicalTestEngine.java:58)
	at org.junit.platform.launcher.core.EngineExecutionOrchestrator.executeEngine(EngineExecutionOrchestrator.java:246)
	at org.junit.platform.launcher.core.EngineExecutionOrchestrator.failOrExecuteEngine(EngineExecutionOrchestrator.java:218)
	at org.junit.platform.launcher.core.EngineExecutionOrchestrator.execute(EngineExecutionOrchestrator.java:179)
	at org.junit.platform.launcher.core.EngineExecutionOrchestrator.execute(EngineExecutionOrchestrator.java:108)
	at org.junit.platform.launcher.core.EngineExecutionOrchestrator.lambda$execute$0(EngineExecutionOrchestrator.java:66)
	at org.junit.platform.launcher.core.EngineExecutionOrchestrator.withInterceptedStreams(EngineExecutionOrchestrator.java:157)
	at org.junit.platform.launcher.core.EngineExecutionOrchestrator.execute(EngineExecutionOrchestrator.java:65)
	at org.junit.platform.launcher.core.DefaultLauncher.execute(DefaultLauncher.java:125)
	at org.junit.platform.launcher.core.DefaultLauncher.execute(DefaultLauncher.java:114)
	at org.junit.platform.launcher.core.DelegatingLauncher.execute(DelegatingLauncher.java:58)
	at org.junit.platform.launcher.core.InterceptingLauncher.lambda$execute$2(InterceptingLauncher.java:57)
	at org.junit.platform.launcher.core.ClasspathAlignmentCheckingLauncherInterceptor.intercept(ClasspathAlignmentCheckingLauncherInterceptor.java:25)
	at org.junit.platform.launcher.core.InterceptingLauncher.execute(InterceptingLauncher.java:56)
	at org.junit.platform.launcher.core.DelegatingLauncher.execute(DelegatingLauncher.java:58)
	at java.base/jdk.internal.reflect.DirectMethodHandleAccessor.invoke(DirectMethodHandleAccessor.java:103)
	at java.base/java.lang.reflect.Method.invoke(Method.java:580)
	at org.apache.maven.surefire.api.util.ReflectionUtils.invokeMethodWithArray(ReflectionUtils.java:125)
	at org.apache.maven.surefire.junitplatform.LauncherAdapter.executeWithCancellationToken(LauncherAdapter.java:68)
	at org.apache.maven.surefire.junitplatform.LauncherAdapter.execute(LauncherAdapter.java:54)
	at org.apache.maven.surefire.junitplatform.JUnitPlatformProvider.execute(JUnitPlatformProvider.java:203)
	at org.apache.maven.surefire.junitplatform.JUnitPlatformProvider.invokeAllTests(JUnitPlatformProvider.java:168)
	at org.apache.maven.surefire.junitplatform.JUnitPlatformProvider.invoke(JUnitPlatformProvider.java:136)
	at org.apache.maven.surefire.booter.ForkedBooter.runSuitesInProcess(ForkedBooter.java:385)
	at org.apache.maven.surefire.booter.ForkedBooter.execute(ForkedBooter.java:162)
	at org.apache.maven.surefire.booter.ForkedBooter.run(ForkedBooter.java:507)
	at org.apache.maven.surefire.booter.ForkedBooter.main(ForkedBooter.java:495)

2026-07-16T15:01:27.472-04:00  INFO 3420 --- [ms-ubicacion] [main] com.netflix.discovery.DiscoveryClient    : Initial registry fetch from primary servers failed
2026-07-16T15:01:27.472-04:00  WARN 3420 --- [ms-ubicacion] [main] com.netflix.discovery.DiscoveryClient    : Using default backup registry implementation which does not do anything.
2026-07-16T15:01:27.480-04:00  INFO 3420 --- [ms-ubicacion] [main] com.netflix.discovery.DiscoveryClient    : Initial registry fetch from backup servers failed
2026-07-16T15:01:27.481-04:00  INFO 3420 --- [ms-ubicacion] [main] com.netflix.discovery.DiscoveryClient    : Starting heartbeat executor: renew interval is: 30
2026-07-16T15:01:27.481-04:00  INFO 3420 --- [ms-ubicacion] [main] c.n.discovery.InstanceInfoReplicator     : InstanceInfoReplicator onDemand update allowed rate per min is 4
2026-07-16T15:01:27.481-04:00  INFO 3420 --- [ms-ubicacion] [main] com.netflix.discovery.DiscoveryClient    : Discovery Client initialized at timestamp 1784228487481 with initial instances count: 0
2026-07-16T15:01:27.488-04:00  INFO 3420 --- [ms-ubicacion] [main] o.s.c.n.e.s.EurekaServiceRegistry        : Registering application MS-UBICACION with eureka with status UP
2026-07-16T15:01:27.488-04:00  INFO 3420 --- [ms-ubicacion] [main] com.netflix.discovery.DiscoveryClient    : Saw local status change event StatusChangeEvent [timestamp=1784228487488, current=UP, previous=STARTING]
2026-07-16T15:01:27.488-04:00  INFO 3420 --- [ms-ubicacion] [DiscoveryClient-InstanceInfoReplicator-%d] com.netflix.discovery.DiscoveryClient    : DiscoveryClient_MS-UBICACION/Tititi:ms-ubicacion:8087: registering service...
2026-07-16T15:01:27.504-04:00  INFO 3420 --- [ms-ubicacion] [main] c.p.u.UbicacionServiceApplicationTest    : Started UbicacionServiceApplicationTest in 7.493 seconds (process running for 18.62)
2026-07-16T15:01:27.488-04:00  WARN 3420 --- [ms-ubicacion] [DiscoveryClient-InstanceInfoReplicator-%d] com.netflix.discovery.DiscoveryClient    : DiscoveryClient_MS-UBICACION/Tititi:ms-ubicacion:8087 - registration failed There is no known eureka server; cluster server list is empty

com.netflix.discovery.shared.transport.TransportException: There is no known eureka server; cluster server list is empty
	at com.netflix.discovery.shared.transport.decorator.RetryableEurekaHttpClient.execute(RetryableEurekaHttpClient.java:108) ~[eureka-client-2.0.5.jar:2.0.5]
	at com.netflix.discovery.shared.transport.decorator.EurekaHttpClientDecorator.register(EurekaHttpClientDecorator.java:56) ~[eureka-client-2.0.5.jar:2.0.5]
	at com.netflix.discovery.shared.transport.decorator.EurekaHttpClientDecorator$1.execute(EurekaHttpClientDecorator.java:59) ~[eureka-client-2.0.5.jar:2.0.5]
	at com.netflix.discovery.shared.transport.decorator.SessionedEurekaHttpClient.execute(SessionedEurekaHttpClient.java:76) ~[eureka-client-2.0.5.jar:2.0.5]
	at com.netflix.discovery.shared.transport.decorator.EurekaHttpClientDecorator.register(EurekaHttpClientDecorator.java:56) ~[eureka-client-2.0.5.jar:2.0.5]
	at com.netflix.discovery.DiscoveryClient.register(DiscoveryClient.java:828) ~[eureka-client-2.0.5.jar:2.0.5]
	at com.netflix.discovery.InstanceInfoReplicator.run(InstanceInfoReplicator.java:125) ~[eureka-client-2.0.5.jar:2.0.5]
	at com.netflix.discovery.InstanceInfoReplicator$2.run(InstanceInfoReplicator.java:105) ~[eureka-client-2.0.5.jar:2.0.5]
	at java.base/java.util.concurrent.Executors$RunnableAdapter.call(Executors.java:572) ~[na:na]
	at java.base/java.util.concurrent.FutureTask.run(FutureTask.java:317) ~[na:na]
	at java.base/java.util.concurrent.ScheduledThreadPoolExecutor$ScheduledFutureTask.run(ScheduledThreadPoolExecutor.java:304) ~[na:na]
	at java.base/java.util.concurrent.ThreadPoolExecutor.runWorker(ThreadPoolExecutor.java:1144) ~[na:na]
	at java.base/java.util.concurrent.ThreadPoolExecutor$Worker.run(ThreadPoolExecutor.java:642) ~[na:na]
	at java.base/java.lang.Thread.run(Thread.java:1583) ~[na:na]

2026-07-16T15:01:27.504-04:00  WARN 3420 --- [ms-ubicacion] [DiscoveryClient-InstanceInfoReplicator-%d] c.n.discovery.InstanceInfoReplicator     : There was a problem with the instance info replicator

com.netflix.discovery.shared.transport.TransportException: There is no known eureka server; cluster server list is empty
	at com.netflix.discovery.shared.transport.decorator.RetryableEurekaHttpClient.execute(RetryableEurekaHttpClient.java:108) ~[eureka-client-2.0.5.jar:2.0.5]
	at com.netflix.discovery.shared.transport.decorator.EurekaHttpClientDecorator.register(EurekaHttpClientDecorator.java:56) ~[eureka-client-2.0.5.jar:2.0.5]
	at com.netflix.discovery.shared.transport.decorator.EurekaHttpClientDecorator$1.execute(EurekaHttpClientDecorator.java:59) ~[eureka-client-2.0.5.jar:2.0.5]
	at com.netflix.discovery.shared.transport.decorator.SessionedEurekaHttpClient.execute(SessionedEurekaHttpClient.java:76) ~[eureka-client-2.0.5.jar:2.0.5]
	at com.netflix.discovery.shared.transport.decorator.EurekaHttpClientDecorator.register(EurekaHttpClientDecorator.java:56) ~[eureka-client-2.0.5.jar:2.0.5]
	at com.netflix.discovery.DiscoveryClient.register(DiscoveryClient.java:828) ~[eureka-client-2.0.5.jar:2.0.5]
	at com.netflix.discovery.InstanceInfoReplicator.run(InstanceInfoReplicator.java:125) ~[eureka-client-2.0.5.jar:2.0.5]
	at com.netflix.discovery.InstanceInfoReplicator$2.run(InstanceInfoReplicator.java:105) ~[eureka-client-2.0.5.jar:2.0.5]
	at java.base/java.util.concurrent.Executors$RunnableAdapter.call(Executors.java:572) ~[na:na]
	at java.base/java.util.concurrent.FutureTask.run(FutureTask.java:317) ~[na:na]
	at java.base/java.util.concurrent.ScheduledThreadPoolExecutor$ScheduledFutureTask.run(ScheduledThreadPoolExecutor.java:304) ~[na:na]
	at java.base/java.util.concurrent.ThreadPoolExecutor.runWorker(ThreadPoolExecutor.java:1144) ~[na:na]
	at java.base/java.util.concurrent.ThreadPoolExecutor$Worker.run(ThreadPoolExecutor.java:642) ~[na:na]
	at java.base/java.lang.Thread.run(Thread.java:1583) ~[na:na]

2026-07-16T15:01:27.557-04:00 DEBUG 3420 --- [ms-ubicacion] [SpringApplicationShutdownHook] o.s.w.c.s.GenericWebApplicationContext   : Closing org.springframework.web.context.support.GenericWebApplicationContext@5e7e7a7e, started on Thu Jul 16 15:01:13 CLT 2026
2026-07-16T15:01:27.559-04:00 DEBUG 3420 --- [ms-ubicacion] [SpringApplicationShutdownHook] o.s.w.c.s.GenericWebApplicationContext   : Closing org.springframework.web.context.support.GenericWebApplicationContext@6d1aa79c, started on Thu Jul 16 15:01:20 CLT 2026
2026-07-16T15:01:27.561-04:00  INFO 3420 --- [ms-ubicacion] [SpringApplicationShutdownHook] o.s.c.n.e.s.EurekaServiceRegistry        : Unregistering application MS-UBICACION with eureka with status DOWN
2026-07-16T15:01:27.561-04:00  INFO 3420 --- [ms-ubicacion] [SpringApplicationShutdownHook] com.netflix.discovery.DiscoveryClient    : Saw local status change event StatusChangeEvent [timestamp=1784228487561, current=DOWN, previous=UP]
2026-07-16T15:01:27.561-04:00  INFO 3420 --- [ms-ubicacion] [DiscoveryClient-InstanceInfoReplicator-%d] com.netflix.discovery.DiscoveryClient    : DiscoveryClient_MS-UBICACION/Tititi:ms-ubicacion:8087: registering service...
2026-07-16T15:01:27.561-04:00  WARN 3420 --- [ms-ubicacion] [DiscoveryClient-InstanceInfoReplicator-%d] com.netflix.discovery.DiscoveryClient    : DiscoveryClient_MS-UBICACION/Tititi:ms-ubicacion:8087 - registration failed There is no known eureka server; cluster server list is empty

com.netflix.discovery.shared.transport.TransportException: There is no known eureka server; cluster server list is empty
	at com.netflix.discovery.shared.transport.decorator.RetryableEurekaHttpClient.execute(RetryableEurekaHttpClient.java:108) ~[eureka-client-2.0.5.jar:2.0.5]
	at com.netflix.discovery.shared.transport.decorator.EurekaHttpClientDecorator.register(EurekaHttpClientDecorator.java:56) ~[eureka-client-2.0.5.jar:2.0.5]
	at com.netflix.discovery.shared.transport.decorator.EurekaHttpClientDecorator$1.execute(EurekaHttpClientDecorator.java:59) ~[eureka-client-2.0.5.jar:2.0.5]
	at com.netflix.discovery.shared.transport.decorator.SessionedEurekaHttpClient.execute(SessionedEurekaHttpClient.java:76) ~[eureka-client-2.0.5.jar:2.0.5]
	at com.netflix.discovery.shared.transport.decorator.EurekaHttpClientDecorator.register(EurekaHttpClientDecorator.java:56) ~[eureka-client-2.0.5.jar:2.0.5]
	at com.netflix.discovery.DiscoveryClient.register(DiscoveryClient.java:828) ~[eureka-client-2.0.5.jar:2.0.5]
	at com.netflix.discovery.InstanceInfoReplicator.run(InstanceInfoReplicator.java:125) ~[eureka-client-2.0.5.jar:2.0.5]
	at com.netflix.discovery.InstanceInfoReplicator$2.run(InstanceInfoReplicator.java:105) ~[eureka-client-2.0.5.jar:2.0.5]
	at java.base/java.util.concurrent.Executors$RunnableAdapter.call(Executors.java:572) ~[na:na]
	at java.base/java.util.concurrent.FutureTask.run(FutureTask.java:317) ~[na:na]
	at java.base/java.util.concurrent.ScheduledThreadPoolExecutor$ScheduledFutureTask.run(ScheduledThreadPoolExecutor.java:304) ~[na:na]
	at java.base/java.util.concurrent.ThreadPoolExecutor.runWorker(ThreadPoolExecutor.java:1144) ~[na:na]
	at java.base/java.util.concurrent.ThreadPoolExecutor$Worker.run(ThreadPoolExecutor.java:642) ~[na:na]
	at java.base/java.lang.Thread.run(Thread.java:1583) ~[na:na]

2026-07-16T15:01:27.564-04:00  WARN 3420 --- [ms-ubicacion] [DiscoveryClient-InstanceInfoReplicator-%d] c.n.discovery.InstanceInfoReplicator     : There was a problem with the instance info replicator

com.netflix.discovery.shared.transport.TransportException: There is no known eureka server; cluster server list is empty
	at com.netflix.discovery.shared.transport.decorator.RetryableEurekaHttpClient.execute(RetryableEurekaHttpClient.java:108) ~[eureka-client-2.0.5.jar:2.0.5]
	at com.netflix.discovery.shared.transport.decorator.EurekaHttpClientDecorator.register(EurekaHttpClientDecorator.java:56) ~[eureka-client-2.0.5.jar:2.0.5]
	at com.netflix.discovery.shared.transport.decorator.EurekaHttpClientDecorator$1.execute(EurekaHttpClientDecorator.java:59) ~[eureka-client-2.0.5.jar:2.0.5]
	at com.netflix.discovery.shared.transport.decorator.SessionedEurekaHttpClient.execute(SessionedEurekaHttpClient.java:76) ~[eureka-client-2.0.5.jar:2.0.5]
	at com.netflix.discovery.shared.transport.decorator.EurekaHttpClientDecorator.register(EurekaHttpClientDecorator.java:56) ~[eureka-client-2.0.5.jar:2.0.5]
	at com.netflix.discovery.DiscoveryClient.register(DiscoveryClient.java:828) ~[eureka-client-2.0.5.jar:2.0.5]
	at com.netflix.discovery.InstanceInfoReplicator.run(InstanceInfoReplicator.java:125) ~[eureka-client-2.0.5.jar:2.0.5]
	at com.netflix.discovery.InstanceInfoReplicator$2.run(InstanceInfoReplicator.java:105) ~[eureka-client-2.0.5.jar:2.0.5]
	at java.base/java.util.concurrent.Executors$RunnableAdapter.call(Executors.java:572) ~[na:na]
	at java.base/java.util.concurrent.FutureTask.run(FutureTask.java:317) ~[na:na]
	at java.base/java.util.concurrent.ScheduledThreadPoolExecutor$ScheduledFutureTask.run(ScheduledThreadPoolExecutor.java:304) ~[na:na]
	at java.base/java.util.concurrent.ThreadPoolExecutor.runWorker(ThreadPoolExecutor.java:1144) ~[na:na]
	at java.base/java.util.concurrent.ThreadPoolExecutor$Worker.run(ThreadPoolExecutor.java:642) ~[na:na]
	at java.base/java.lang.Thread.run(Thread.java:1583) ~[na:na]

2026-07-16T15:01:27.985-04:00  INFO 3420 --- [ms-ubicacion] [SpringApplicationShutdownHook] j.LocalContainerEntityManagerFactoryBean : Closing JPA EntityManagerFactory for persistence unit 'default'
2026-07-16T15:01:27.987-04:00  INFO 3420 --- [ms-ubicacion] [SpringApplicationShutdownHook] com.zaxxer.hikari.HikariDataSource       : HikariPool-1 - Shutdown initiated...
2026-07-16T15:01:27.987-04:00  INFO 3420 --- [ms-ubicacion] [SpringApplicationShutdownHook] com.zaxxer.hikari.HikariDataSource       : HikariPool-1 - Shutdown completed.
2026-07-16T15:01:27.991-04:00  INFO 3420 --- [ms-ubicacion] [SpringApplicationShutdownHook] com.netflix.discovery.DiscoveryClient    : Shutting down DiscoveryClient ...
2026-07-16T15:01:31.002-04:00  INFO 3420 --- [ms-ubicacion] [SpringApplicationShutdownHook] com.netflix.discovery.DiscoveryClient    : Unregistering ...
2026-07-16T15:01:31.003-04:00 ERROR 3420 --- [ms-ubicacion] [SpringApplicationShutdownHook] com.netflix.discovery.DiscoveryClient    : DiscoveryClient_MS-UBICACION/Tititi:ms-ubicacion:8087 - de-registration failedThere is no known eureka server; cluster server list is empty

com.netflix.discovery.shared.transport.TransportException: There is no known eureka server; cluster server list is empty
	at com.netflix.discovery.shared.transport.decorator.RetryableEurekaHttpClient.execute(RetryableEurekaHttpClient.java:108) ~[eureka-client-2.0.5.jar:2.0.5]
	at com.netflix.discovery.shared.transport.decorator.EurekaHttpClientDecorator.cancel(EurekaHttpClientDecorator.java:71) ~[eureka-client-2.0.5.jar:2.0.5]
	at com.netflix.discovery.shared.transport.decorator.EurekaHttpClientDecorator$2.execute(EurekaHttpClientDecorator.java:74) ~[eureka-client-2.0.5.jar:2.0.5]
	at com.netflix.discovery.shared.transport.decorator.SessionedEurekaHttpClient.execute(SessionedEurekaHttpClient.java:76) ~[eureka-client-2.0.5.jar:2.0.5]
	at com.netflix.discovery.shared.transport.decorator.EurekaHttpClientDecorator.cancel(EurekaHttpClientDecorator.java:71) ~[eureka-client-2.0.5.jar:2.0.5]
	at com.netflix.discovery.DiscoveryClient.unregister(DiscoveryClient.java:919) ~[eureka-client-2.0.5.jar:2.0.5]
	at com.netflix.discovery.DiscoveryClient.shutdown(DiscoveryClient.java:900) ~[eureka-client-2.0.5.jar:2.0.5]
	at java.base/jdk.internal.reflect.DirectMethodHandleAccessor.invoke(DirectMethodHandleAccessor.java:103) ~[na:na]
	at java.base/java.lang.reflect.Method.invoke(Method.java:580) ~[na:na]
	at org.springframework.beans.factory.annotation.InitDestroyAnnotationBeanPostProcessor$LifecycleMethod.invoke(InitDestroyAnnotationBeanPostProcessor.java:453) ~[spring-beans-7.0.8.jar:7.0.8]
	at org.springframework.beans.factory.annotation.InitDestroyAnnotationBeanPostProcessor$LifecycleMetadata.invokeDestroyMethods(InitDestroyAnnotationBeanPostProcessor.java:411) ~[spring-beans-7.0.8.jar:7.0.8]
	at org.springframework.beans.factory.annotation.InitDestroyAnnotationBeanPostProcessor.postProcessBeforeDestruction(InitDestroyAnnotationBeanPostProcessor.java:237) ~[spring-beans-7.0.8.jar:7.0.8]
	at org.springframework.beans.factory.support.DisposableBeanAdapter.destroy(DisposableBeanAdapter.java:200) ~[spring-beans-7.0.8.jar:7.0.8]
	at org.springframework.beans.factory.support.DisposableBeanAdapter.run(DisposableBeanAdapter.java:193) ~[spring-beans-7.0.8.jar:7.0.8]
	at org.springframework.cloud.context.scope.GenericScope$BeanLifecycleWrapper.destroy(GenericScope.java:387) ~[spring-cloud-context-5.0.1.jar:5.0.1]
	at org.springframework.cloud.context.scope.GenericScope.destroy(GenericScope.java:134) ~[spring-cloud-context-5.0.1.jar:5.0.1]
	at org.springframework.beans.factory.support.DisposableBeanAdapter.destroy(DisposableBeanAdapter.java:209) ~[spring-beans-7.0.8.jar:7.0.8]
	at org.springframework.beans.factory.support.DefaultSingletonBeanRegistry.destroyBean(DefaultSingletonBeanRegistry.java:795) ~[spring-beans-7.0.8.jar:7.0.8]
	at org.springframework.beans.factory.support.DefaultSingletonBeanRegistry.destroySingleton(DefaultSingletonBeanRegistry.java:745) ~[spring-beans-7.0.8.jar:7.0.8]
	at org.springframework.beans.factory.support.DefaultListableBeanFactory.destroySingleton(DefaultListableBeanFactory.java:1507) ~[spring-beans-7.0.8.jar:7.0.8]
	at org.springframework.beans.factory.support.DefaultSingletonBeanRegistry.destroySingletons(DefaultSingletonBeanRegistry.java:704) ~[spring-beans-7.0.8.jar:7.0.8]
	at org.springframework.beans.factory.support.DefaultListableBeanFactory.destroySingletons(DefaultListableBeanFactory.java:1500) ~[spring-beans-7.0.8.jar:7.0.8]
	at org.springframework.context.support.AbstractApplicationContext.destroyBeans(AbstractApplicationContext.java:1246) ~[spring-context-7.0.8.jar:7.0.8]
	at org.springframework.context.support.AbstractApplicationContext.doClose(AbstractApplicationContext.java:1207) ~[spring-context-7.0.8.jar:7.0.8]
	at org.springframework.context.support.AbstractApplicationContext.close(AbstractApplicationContext.java:1153) ~[spring-context-7.0.8.jar:7.0.8]
	at org.springframework.boot.SpringApplicationShutdownHook.closeAndWait(SpringApplicationShutdownHook.java:147) ~[spring-boot-4.0.7.jar:4.0.7]
	at java.base/java.lang.Iterable.forEach(Iterable.java:75) ~[na:na]
	at org.springframework.boot.SpringApplicationShutdownHook.run(SpringApplicationShutdownHook.java:116) ~[spring-boot-4.0.7.jar:4.0.7]
	at java.base/java.lang.Thread.run(Thread.java:1583) ~[na:na]

2026-07-16T15:01:31.003-04:00  INFO 3420 --- [ms-ubicacion] [SpringApplicationShutdownHook] com.netflix.discovery.DiscoveryClient    : Completed shut down of DiscoveryClient
