2026-07-16T15:02:36.504-04:00  INFO 2760 --- [ms-usuario] [main] c.p.u.controller.UsuarioControllerTest   : Starting UsuarioControllerTest using Java 21.0.11 with PID 2760 (started by tiare in C:\Users\tiare\Proyectos\inventario-farmacia\ms-usuario)
2026-07-16T15:02:36.517-04:00  INFO 2760 --- [ms-usuario] [main] c.p.u.controller.UsuarioControllerTest   : The following 1 profile is active: "dev"
2026-07-16T15:02:36.569-04:00 DEBUG 2760 --- [ms-usuario] [main] o.s.w.c.s.GenericWebApplicationContext   : Refreshing org.springframework.web.context.support.GenericWebApplicationContext@76ed7573
2026-07-16T15:02:41.217-04:00 DEBUG 2760 --- [ms-usuario] [main] s.w.s.m.m.a.RequestMappingHandlerMapping : 10 mappings in 'requestMappingHandlerMapping'
2026-07-16T15:02:41.314-04:00 DEBUG 2760 --- [ms-usuario] [main] o.s.w.s.handler.SimpleUrlHandlerMapping  : Patterns [/webjars/**, /**] in 'resourceHandlerMapping'
2026-07-16T15:02:41.760-04:00 DEBUG 2760 --- [ms-usuario] [main] s.w.s.m.m.a.RequestMappingHandlerAdapter : ControllerAdvice beans: 0 @ModelAttribute, 0 @InitBinder, 2 RequestBodyAdvice, 1 ResponseBodyAdvice
2026-07-16T15:02:41.985-04:00 DEBUG 2760 --- [ms-usuario] [main] .m.m.a.ExceptionHandlerExceptionResolver : ControllerAdvice beans: 1 @ExceptionHandler, 1 ResponseBodyAdvice
2026-07-16T15:02:42.230-04:00  INFO 2760 --- [ms-usuario] [main] o.s.b.t.m.w.SpringBootMockServletContext : Initializing Spring TestDispatcherServlet ''
2026-07-16T15:02:42.231-04:00  INFO 2760 --- [ms-usuario] [main] o.s.t.web.servlet.TestDispatcherServlet  : Initializing Servlet ''
2026-07-16T15:02:42.233-04:00  INFO 2760 --- [ms-usuario] [main] o.s.t.web.servlet.TestDispatcherServlet  : Completed initialization in 2 ms
2026-07-16T15:02:42.340-04:00  INFO 2760 --- [ms-usuario] [main] c.p.u.controller.UsuarioControllerTest   : Started UsuarioControllerTest in 7.179 seconds (process running for 10.407)
2026-07-16T15:02:42.705-04:00 DEBUG 2760 --- [ms-usuario] [main] s.w.s.m.m.a.RequestMappingHandlerMapping : Mapped to com.pharmanet.usuario_service.controller.UsuarioController#mostrarTodos(Pageable)
2026-07-16T15:02:42.786-04:00  INFO 2760 --- [ms-usuario] [main] c.p.u.controller.UsuarioController       : Se inicia búsqueda de todos los usuarios
2026-07-16T15:02:42.949-04:00 DEBUG 2760 --- [ms-usuario] [main] o.s.w.s.m.m.a.HttpEntityMethodProcessor  : Using 'application/json', given [*/*] and supported [application/json, application/*+json, application/yaml]
2026-07-16T15:02:42.953-04:00 DEBUG 2760 --- [ms-usuario] [main] o.s.w.s.m.m.a.HttpEntityMethodProcessor  : Nothing to write: null body
2026-07-16T15:02:43.036-04:00 DEBUG 2760 --- [ms-usuario] [main] s.w.s.m.m.a.RequestMappingHandlerMapping : Mapped to com.pharmanet.usuario_service.controller.UsuarioController#eliminarUsuario(String)
2026-07-16T15:02:43.091-04:00 DEBUG 2760 --- [ms-usuario] [main] o.s.w.s.m.m.a.HttpEntityMethodProcessor  : Using 'application/json', given [*/*] and supported [application/json, application/*+json]
2026-07-16T15:02:43.092-04:00 DEBUG 2760 --- [ms-usuario] [main] o.s.w.s.m.m.a.HttpEntityMethodProcessor  : Nothing to write: null body
2026-07-16T15:02:43.108-04:00 DEBUG 2760 --- [ms-usuario] [main] s.w.s.m.m.a.RequestMappingHandlerMapping : Mapped to com.pharmanet.usuario_service.controller.UsuarioController#buscarPorRun(String)
2026-07-16T15:02:43.172-04:00 DEBUG 2760 --- [ms-usuario] [main] o.s.w.s.m.m.a.HttpEntityMethodProcessor  : Using 'application/json', given [*/*] and supported [application/json, application/*+json, application/yaml]
2026-07-16T15:02:43.172-04:00 DEBUG 2760 --- [ms-usuario] [main] o.s.w.s.m.m.a.HttpEntityMethodProcessor  : Writing [UsuarioDTO(run=11111111-1, nombreCompleto=null, correoInstitucional=null, telefono=null, codSucursal (truncated)...]
2026-07-16T15:02:43.954-04:00  INFO 2760 --- [ms-usuario] [main] c.p.u.service.UsuarioService             : Se inicia funcionalidad de agregar usuario
2026-07-16T15:02:43.954-04:00  INFO 2760 --- [ms-usuario] [main] c.p.u.service.UsuarioService             : Se verifica que no existan registros del usuario en el sistema
2026-07-16T15:02:43.956-04:00  INFO 2760 --- [ms-usuario] [main] c.p.u.service.UsuarioService             : Se verifica la existencia de la sucursal
2026-07-16T15:02:43.956-04:00  INFO 2760 --- [ms-usuario] [main] c.p.u.service.UsuarioService             : Se transforma el dto a modelo
2026-07-16T15:02:43.957-04:00  INFO 2760 --- [ms-usuario] [main] c.p.usuario_service.dto.UsuarioMapper    : Convierte un objeto dto en una entidad
2026-07-16T15:02:43.957-04:00  INFO 2760 --- [ms-usuario] [main] c.p.u.service.UsuarioService             : Se agrega usuario
2026-07-16T15:02:43.957-04:00  INFO 2760 --- [ms-usuario] [main] c.p.u.service.UsuarioService             : Se transforma modelo a dto
2026-07-16T15:02:43.957-04:00  INFO 2760 --- [ms-usuario] [main] c.p.usuario_service.dto.UsuarioMapper    : Convierte una entidad en un objeto DTO
2026-07-16T15:02:44.024-04:00  INFO 2760 --- [ms-usuario] [main] c.p.usuario_service.dto.UsuarioMapper    : Convierte una entidad en un objeto DTO
2026-07-16T15:02:44.032-04:00  INFO 2760 --- [ms-usuario] [main] c.p.u.service.UsuarioService             : Inicia actualización del usuario
2026-07-16T15:02:44.032-04:00  INFO 2760 --- [ms-usuario] [main] c.p.u.service.UsuarioService             : Se verifica que el usuario exista
2026-07-16T15:02:44.033-04:00  INFO 2760 --- [ms-usuario] [main] c.p.u.service.UsuarioService             : Se verifica la existencia de la sucursal
2026-07-16T15:02:44.033-04:00  INFO 2760 --- [ms-usuario] [main] c.p.usuario_service.dto.UsuarioMapper    : Actualiza la entidad actual con los datos enviados en el dto
2026-07-16T15:02:44.038-04:00  INFO 2760 --- [ms-usuario] [main] c.p.u.service.UsuarioService             : Inicia búsqueda por código de la sucursal
2026-07-16T15:02:44.042-04:00  INFO 2760 --- [ms-usuario] [main] c.p.usuario_service.dto.UsuarioMapper    : Convierte una entidad en un objeto DTO
2026-07-16T15:02:44.053-04:00  INFO 2760 --- [ms-usuario] [main] c.p.u.service.UsuarioService             : Se inicia funcionalidad de agregar usuario
2026-07-16T15:02:44.053-04:00  INFO 2760 --- [ms-usuario] [main] c.p.u.service.UsuarioService             : Se verifica que no existan registros del usuario en el sistema
2026-07-16T15:02:44.058-04:00  INFO 2760 --- [ms-usuario] [main] c.p.u.service.UsuarioService             : Inicia validación de venta
2026-07-16T15:02:44.062-04:00  INFO 2760 --- [ms-usuario] [main] c.p.u.service.UsuarioService             : Verifica existencia de usuario
2026-07-16T15:02:44.063-04:00  INFO 2760 --- [ms-usuario] [main] c.p.u.service.UsuarioService             : Valida autorización del usuario
2026-07-16T15:02:44.063-04:00  INFO 2760 --- [ms-usuario] [main] c.p.u.service.UsuarioService             : Valida que el usuario ingresado se encuentra en la sucursal indicada
2026-07-16T15:02:44.063-04:00  INFO 2760 --- [ms-usuario] [main] c.p.u.service.UsuarioService             : Valida presencia de un analista químico en la farmacia
2026-07-16T15:02:44.063-04:00  WARN 2760 --- [ms-usuario] [main] c.p.u.service.UsuarioService             : No hay ANALISTA QUÍMICO en la sucursal con el código: SU0001
2026-07-16T15:02:44.070-04:00  INFO 2760 --- [ms-usuario] [main] c.p.u.service.UsuarioService             : Se inicia búsqueda del usuario por RUN
2026-07-16T15:02:44.079-04:00  INFO 2760 --- [ms-usuario] [main] c.p.u.service.UsuarioService             : Inicia búsqueda por profesion
2026-07-16T15:02:44.079-04:00  INFO 2760 --- [ms-usuario] [main] c.p.usuario_service.dto.UsuarioMapper    : Convierte una entidad en un objeto DTO
2026-07-16T15:02:44.087-04:00  INFO 2760 --- [ms-usuario] [main] c.p.u.service.UsuarioService             : Inicia validación de venta
2026-07-16T15:02:44.087-04:00  INFO 2760 --- [ms-usuario] [main] c.p.u.service.UsuarioService             : Verifica existencia de usuario
2026-07-16T15:02:44.089-04:00  INFO 2760 --- [ms-usuario] [main] c.p.u.service.UsuarioService             : Valida autorización del usuario
2026-07-16T15:02:44.089-04:00  INFO 2760 --- [ms-usuario] [main] c.p.u.service.UsuarioService             : Valida que el usuario ingresado se encuentra en la sucursal indicada
2026-07-16T15:02:44.089-04:00  INFO 2760 --- [ms-usuario] [main] c.p.u.service.UsuarioService             : Validación de usuario aprobada
2026-07-16T15:02:44.095-04:00  INFO 2760 --- [ms-usuario] [main] c.p.u.service.UsuarioService             : Inicia la funcionalidad de eliminar usuario
2026-07-16T15:02:44.095-04:00  INFO 2760 --- [ms-usuario] [main] c.p.u.service.UsuarioService             : Verificar que el usuario exista
2026-07-16T15:02:44.102-04:00  INFO 2760 --- [ms-usuario] [main] c.p.u.service.UsuarioService             : Inicia validación de venta
2026-07-16T15:02:44.102-04:00  INFO 2760 --- [ms-usuario] [main] c.p.u.service.UsuarioService             : Verifica existencia de usuario
2026-07-16T15:02:44.102-04:00  INFO 2760 --- [ms-usuario] [main] c.p.u.service.UsuarioService             : Valida autorización del usuario
2026-07-16T15:02:44.102-04:00  WARN 2760 --- [ms-usuario] [main] c.p.u.service.UsuarioService             : El usuario no está autorizado para vender el/los producto/s. Profesión: DEVOPS
2026-07-16T15:02:44.107-04:00  INFO 2760 --- [ms-usuario] [main] c.p.u.service.UsuarioService             : Inicia la funcionalidad de eliminar usuario
2026-07-16T15:02:44.107-04:00  INFO 2760 --- [ms-usuario] [main] c.p.u.service.UsuarioService             : Verificar que el usuario exista
2026-07-16T15:02:44.114-04:00  INFO 2760 --- [ms-usuario] [main] c.p.u.service.UsuarioService             : Inicia actualización del usuario
2026-07-16T15:02:44.115-04:00  INFO 2760 --- [ms-usuario] [main] c.p.u.service.UsuarioService             : Se verifica que el usuario exista
2026-07-16T15:02:44.121-04:00  INFO 2760 --- [ms-usuario] [main] c.p.u.service.UsuarioService             : Inicia validación de venta
2026-07-16T15:02:44.121-04:00  INFO 2760 --- [ms-usuario] [main] c.p.u.service.UsuarioService             : Verifica existencia de usuario
2026-07-16T15:02:44.122-04:00  INFO 2760 --- [ms-usuario] [main] c.p.u.service.UsuarioService             : Valida autorización del usuario
2026-07-16T15:02:44.122-04:00  INFO 2760 --- [ms-usuario] [main] c.p.u.service.UsuarioService             : Valida que el usuario ingresado se encuentra en la sucursal indicada
2026-07-16T15:02:44.122-04:00  INFO 2760 --- [ms-usuario] [main] c.p.u.service.UsuarioService             : Valida presencia de un analista químico en la farmacia
2026-07-16T15:02:44.122-04:00  INFO 2760 --- [ms-usuario] [main] c.p.u.service.UsuarioService             : Validación de usuario aprobada
2026-07-16T15:02:44.158-04:00  INFO 2760 --- [ms-usuario] [main] c.p.u.service.UsuarioService             : Se inicia funcionalidad de agregar usuario
2026-07-16T15:02:44.158-04:00  INFO 2760 --- [ms-usuario] [main] c.p.u.service.UsuarioService             : Se verifica que no existan registros del usuario en el sistema
2026-07-16T15:02:44.160-04:00  INFO 2760 --- [ms-usuario] [main] c.p.u.service.UsuarioService             : Se verifica la existencia de la sucursal
2026-07-16T15:02:44.160-04:00  INFO 2760 --- [ms-usuario] [main] c.p.u.service.UsuarioService             : No se encuentra sucursal SU0001 asociada al usuario 11111111-1
2026-07-16T15:02:44.167-04:00  INFO 2760 --- [ms-usuario] [main] c.p.u.service.UsuarioService             : Se inicia búsqueda del usuario por RUN
2026-07-16T15:02:44.167-04:00  INFO 2760 --- [ms-usuario] [main] c.p.u.service.UsuarioService             : Se transforma modelo a dto
2026-07-16T15:02:44.167-04:00  INFO 2760 --- [ms-usuario] [main] c.p.usuario_service.dto.UsuarioMapper    : Convierte una entidad en un objeto DTO
2026-07-16T15:02:44.172-04:00  INFO 2760 --- [ms-usuario] [main] c.p.u.service.UsuarioService             : Inicia validación de venta
2026-07-16T15:02:44.172-04:00  INFO 2760 --- [ms-usuario] [main] c.p.u.service.UsuarioService             : Verifica existencia de usuario
2026-07-16T15:02:44.172-04:00  INFO 2760 --- [ms-usuario] [main] c.p.u.service.UsuarioService             : Valida autorización del usuario
2026-07-16T15:02:44.172-04:00  INFO 2760 --- [ms-usuario] [main] c.p.u.service.UsuarioService             : Valida que el usuario ingresado se encuentra en la sucursal indicada
2026-07-16T15:02:44.172-04:00  WARN 2760 --- [ms-usuario] [main] c.p.u.service.UsuarioService             : El usuario 11111111-1 no se encuentra en la sucursal SU0001
2026-07-16T15:02:44.182-04:00  INFO 2760 --- [ms-usuario] [main] t.c.s.AnnotationConfigContextLoaderUtils : Could not detect default configuration classes for test class [com.pharmanet.usuario_service.UsuarioServiceApplicationTests]: UsuarioServiceApplicationTests does not declare any static, non-private, non-final, nested classes annotated with @Configuration.
2026-07-16T15:02:44.198-04:00  INFO 2760 --- [ms-usuario] [main] .b.t.c.SpringBootTestContextBootstrapper : Found @SpringBootConfiguration com.pharmanet.usuario_service.UsuarioServiceApplication for test class com.pharmanet.usuario_service.UsuarioServiceApplicationTests
2026-07-16T15:02:44.209-04:00  INFO 2760 --- [ms-usuario] [main] t.c.s.AnnotationConfigContextLoaderUtils : Could not detect default configuration classes for test class [com.pharmanet.usuario_service.UsuarioServiceApplicationTests]: UsuarioServiceApplicationTests does not declare any static, non-private, non-final, nested classes annotated with @Configuration.
2026-07-16T15:02:44.211-04:00  INFO 2760 --- [ms-usuario] [main] .b.t.c.SpringBootTestContextBootstrapper : Found @SpringBootConfiguration com.pharmanet.usuario_service.UsuarioServiceApplication for test class com.pharmanet.usuario_service.UsuarioServiceApplicationTests
2026-07-16T15:02:44.215-04:00  INFO 2760 --- [ms-usuario] [main] o.s.b.d.r.RestartApplicationListener     : Restart disabled due to context in which it is running
2026-07-16T15:02:44.323-04:00  INFO 2760 --- [ms-usuario] [main] c.p.u.UsuarioServiceApplicationTests     : Starting UsuarioServiceApplicationTests using Java 21.0.11 with PID 2760 (started by tiare in C:\Users\tiare\Proyectos\inventario-farmacia\ms-usuario)
2026-07-16T15:02:44.325-04:00  INFO 2760 --- [ms-usuario] [main] c.p.u.UsuarioServiceApplicationTests     : The following 1 profile is active: "test"
2026-07-16T15:02:44.327-04:00 DEBUG 2760 --- [ms-usuario] [main] o.s.w.c.s.GenericWebApplicationContext   : Refreshing org.springframework.web.context.support.GenericWebApplicationContext@6f677c34
2026-07-16T15:02:45.880-04:00  INFO 2760 --- [ms-usuario] [main] .s.d.r.c.RepositoryConfigurationDelegate : Bootstrapping Spring Data JPA repositories in DEFAULT mode.
2026-07-16T15:02:46.022-04:00  INFO 2760 --- [ms-usuario] [main] .s.d.r.c.RepositoryConfigurationDelegate : Finished Spring Data repository scanning in 104 ms. Found 1 JPA repository interface.
2026-07-16T15:02:46.597-04:00  INFO 2760 --- [ms-usuario] [main] o.s.cloud.context.scope.GenericScope     : BeanFactory id=9a89bdc9-df14-3ab1-a90f-29484685be82
2026-07-16T15:02:47.205-04:00  INFO 2760 --- [ms-usuario] [main] org.hibernate.orm.jpa                    : HHH008540: Processing PersistenceUnitInfo [name: default]
2026-07-16T15:02:47.409-04:00  INFO 2760 --- [ms-usuario] [main] org.hibernate.orm.core                   : HHH000001: Hibernate ORM core version 7.2.19.Final
2026-07-16T15:02:48.309-04:00  INFO 2760 --- [ms-usuario] [main] o.s.o.j.p.SpringPersistenceUnitInfo      : No LoadTimeWeaver setup: ignoring JPA class transformer
2026-07-16T15:02:48.407-04:00  INFO 2760 --- [ms-usuario] [main] com.zaxxer.hikari.HikariDataSource       : HikariPool-1 - Starting...
2026-07-16T15:02:49.229-04:00  INFO 2760 --- [ms-usuario] [main] com.zaxxer.hikari.pool.HikariPool        : HikariPool-1 - Added connection conn0: url=jdbc:h2:mem:testdb user=SA
2026-07-16T15:02:49.234-04:00  INFO 2760 --- [ms-usuario] [main] com.zaxxer.hikari.HikariDataSource       : HikariPool-1 - Start completed.
2026-07-16T15:02:49.304-04:00  WARN 2760 --- [ms-usuario] [main] org.hibernate.orm.deprecation            : HHH90000025: H2Dialect does not need to be specified explicitly using 'hibernate.dialect' (remove the property setting and it will be selected by default)
2026-07-16T15:02:49.365-04:00  INFO 2760 --- [ms-usuario] [main] org.hibernate.orm.connections.pooling    : HHH10001005: Database info:
	Database JDBC URL [jdbc:h2:mem:testdb]
	Database driver: H2 JDBC Driver
	Database dialect: H2Dialect
	Database version: 2.4.240
	Default catalog/schema: TESTDB/PUBLIC
	Autocommit mode: undefined/unknown
	Isolation level: READ_COMMITTED [default READ_COMMITTED]
	JDBC fetch size: 100
	Pool: DataSourceConnectionProvider
	Minimum pool size: undefined/unknown
	Maximum pool size: undefined/unknown
2026-07-16T15:02:51.208-04:00  INFO 2760 --- [ms-usuario] [main] org.hibernate.orm.core                   : HHH000489: No JTA platform available (set 'hibernate.transaction.jta.platform' to enable JTA platform integration)
2026-07-16T15:02:51.350-04:00  INFO 2760 --- [ms-usuario] [main] j.LocalContainerEntityManagerFactoryBean : Initialized JPA EntityManagerFactory for persistence unit 'default'
2026-07-16T15:02:51.503-04:00  INFO 2760 --- [ms-usuario] [main] o.s.d.j.r.query.QueryEnhancerFactories   : Hibernate is in classpath; If applicable, HQL parser will be used.
2026-07-16T15:02:52.159-04:00  WARN 2760 --- [ms-usuario] [main] JpaBaseConfiguration$JpaWebConfiguration : spring.jpa.open-in-view is enabled by default. Therefore, database queries may be performed during view rendering. Explicitly configure spring.jpa.open-in-view to disable this warning
2026-07-16T15:02:52.758-04:00 DEBUG 2760 --- [ms-usuario] [main] s.w.s.m.m.a.RequestMappingHandlerMapping : 14 mappings in 'requestMappingHandlerMapping'
2026-07-16T15:02:52.789-04:00 DEBUG 2760 --- [ms-usuario] [main] o.s.w.s.handler.SimpleUrlHandlerMapping  : Patterns [/webjars/**, /**, /doc/swagger-ui/**, /doc/swagger-ui/*swagger-initializer.js, /webjars/*swagger-ui/**, /webjars/*swagger-ui/*swagger-initializer.js, /webjars/*swagger-ui/5.32.0/*swagger-initializer.js] in 'resourceHandlerMapping'
2026-07-16T15:02:52.803-04:00 DEBUG 2760 --- [ms-usuario] [main] s.w.s.m.m.a.RequestMappingHandlerAdapter : ControllerAdvice beans: 0 @ModelAttribute, 0 @InitBinder, 2 RequestBodyAdvice, 1 ResponseBodyAdvice
2026-07-16T15:02:52.813-04:00 DEBUG 2760 --- [ms-usuario] [main] .m.m.a.ExceptionHandlerExceptionResolver : ControllerAdvice beans: 2 @ExceptionHandler, 1 ResponseBodyAdvice
2026-07-16T15:02:53.366-04:00  INFO 2760 --- [ms-usuario] [main] DiscoveryClientOptionalArgsConfiguration : Eureka HTTP Client uses RestClient.
2026-07-16T15:02:53.432-04:00  WARN 2760 --- [ms-usuario] [main] iguration$LoadBalancerCaffeineWarnLogger : Spring Cloud LoadBalancer is currently working with the default cache. While this cache implementation is useful for development and tests, it's recommended to use Caffeine cache in production.You can switch to using Caffeine cache, by adding it and org.springframework.cache.caffeine.CaffeineCacheManager to the classpath.
2026-07-16T15:02:53.500-04:00  INFO 2760 --- [ms-usuario] [main] o.s.c.n.eureka.InstanceInfoFactory       : Setting initial instance status as: STARTING
2026-07-16T15:02:53.540-04:00  INFO 2760 --- [ms-usuario] [main] com.netflix.discovery.DiscoveryClient    : Initializing Eureka in region us-east-1
2026-07-16T15:02:53.549-04:00  INFO 2760 --- [ms-usuario] [main] c.n.d.s.r.aws.ConfigClusterResolver      : Resolving eureka endpoints via configuration
2026-07-16T15:02:53.551-04:00  WARN 2760 --- [ms-usuario] [main] c.n.d.s.r.aws.ConfigClusterResolver      : Invalid eureka server URI: ${EUREKA_URL}/; removing from the server pool
2026-07-16T15:02:53.551-04:00 ERROR 2760 --- [ms-usuario] [main] c.n.d.s.r.aws.ConfigClusterResolver      : Cannot resolve to any endpoints from provided configuration: {defaultZone=[${EUREKA_URL}/]}
2026-07-16T15:02:53.551-04:00 ERROR 2760 --- [ms-usuario] [main] c.n.d.s.transport.EurekaHttpClients      : Initial resolution of Eureka server endpoints failed. Check ConfigClusterResolver logs for more info
2026-07-16T15:02:53.566-04:00  INFO 2760 --- [ms-usuario] [main] com.netflix.discovery.DiscoveryClient    : Disable delta property : false
2026-07-16T15:02:53.566-04:00  INFO 2760 --- [ms-usuario] [main] com.netflix.discovery.DiscoveryClient    : Single vip registry refresh property : null
2026-07-16T15:02:53.566-04:00  INFO 2760 --- [ms-usuario] [main] com.netflix.discovery.DiscoveryClient    : Force full registry fetch : false
2026-07-16T15:02:53.566-04:00  INFO 2760 --- [ms-usuario] [main] com.netflix.discovery.DiscoveryClient    : Application is null : false
2026-07-16T15:02:53.566-04:00  INFO 2760 --- [ms-usuario] [main] com.netflix.discovery.DiscoveryClient    : Registered Applications size is zero : true
2026-07-16T15:02:53.566-04:00  INFO 2760 --- [ms-usuario] [main] com.netflix.discovery.DiscoveryClient    : Application version is -1: true
2026-07-16T15:02:53.566-04:00  INFO 2760 --- [ms-usuario] [main] com.netflix.discovery.DiscoveryClient    : Getting all instance registry info from the eureka server
2026-07-16T15:02:53.566-04:00  INFO 2760 --- [ms-usuario] [main] com.netflix.discovery.DiscoveryClient    : DiscoveryClient_MS-USUARIO/Tititi:ms-usuario:8082 - was unable to refresh its cache! This periodic background refresh will be retried in 30 seconds. status = There is no known eureka server; cluster server list is empty stacktrace = com.netflix.discovery.shared.transport.TransportException: There is no known eureka server; cluster server list is empty
	at com.netflix.discovery.shared.transport.decorator.RetryableEurekaHttpClient.execute(RetryableEurekaHttpClient.java:108)
	at com.netflix.discovery.shared.transport.decorator.EurekaHttpClientDecorator.getApplications(EurekaHttpClientDecorator.java:134)
	at com.netflix.discovery.shared.transport.decorator.EurekaHttpClientDecorator$6.execute(EurekaHttpClientDecorator.java:137)
	at com.netflix.discovery.shared.transport.decorator.SessionedEurekaHttpClient.execute(SessionedEurekaHttpClient.java:76)
	at com.netflix.discovery.shared.transport.decorator.EurekaHttpClientDecorator.getApplications(EurekaHttpClientDecorator.java:134)
	at com.netflix.discovery.DiscoveryClient.getAndStoreFullRegistry(DiscoveryClient.java:1046)
	at com.netflix.discovery.DiscoveryClient.fetchRegistry(DiscoveryClient.java:961)
	at com.netflix.discovery.DiscoveryClient.<init>(DiscoveryClient.java:410)
	at com.netflix.discovery.DiscoveryClient.<init>(DiscoveryClient.java:245)
	at com.netflix.discovery.DiscoveryClient.<init>(DiscoveryClient.java:240)
	at org.springframework.cloud.netflix.eureka.CloudEurekaClient.<init>(CloudEurekaClient.java:68)
	at org.springframework.cloud.netflix.eureka.EurekaClientAutoConfiguration$RefreshableEurekaClientConfiguration.eurekaClient(EurekaClientAutoConfiguration.java:324)
	at java.base/jdk.internal.reflect.DirectMethodHandleAccessor.invoke(DirectMethodHandleAccessor.java:103)
	at java.base/java.lang.reflect.Method.invoke(Method.java:580)
	at org.springframework.beans.factory.support.SimpleInstantiationStrategy.lambda$instantiate$0(SimpleInstantiationStrategy.java:155)
	at org.springframework.beans.factory.support.SimpleInstantiationStrategy.instantiateWithFactoryMethod(SimpleInstantiationStrategy.java:72)
	at org.springframework.beans.factory.support.SimpleInstantiationStrategy.instantiate(SimpleInstantiationStrategy.java:152)
	at org.springframework.beans.factory.support.ConstructorResolver.instantiate(ConstructorResolver.java:653)
	at org.springframework.beans.factory.support.ConstructorResolver.instantiateUsingFactoryMethod(ConstructorResolver.java:645)
	at org.springframework.beans.factory.support.AbstractAutowireCapableBeanFactory.instantiateUsingFactoryMethod(AbstractAutowireCapableBeanFactory.java:1360)
	at org.springframework.beans.factory.support.AbstractAutowireCapableBeanFactory.createBeanInstance(AbstractAutowireCapableBeanFactory.java:1192)
	at org.springframework.beans.factory.support.AbstractAutowireCapableBeanFactory.doCreateBean(AbstractAutowireCapableBeanFactory.java:565)
	at org.springframework.beans.factory.support.AbstractAutowireCapableBeanFactory.createBean(AbstractAutowireCapableBeanFactory.java:525)
	at org.springframework.beans.factory.support.AbstractBeanFactory.lambda$doGetBean$1(AbstractBeanFactory.java:372)
	at org.springframework.cloud.context.scope.GenericScope$BeanLifecycleWrapper.getBean(GenericScope.java:373)
	at org.springframework.cloud.context.scope.GenericScope.get(GenericScope.java:177)
	at org.springframework.beans.factory.support.AbstractBeanFactory.doGetBean(AbstractBeanFactory.java:369)
	at org.springframework.beans.factory.support.AbstractBeanFactory.getBean(AbstractBeanFactory.java:196)
	at org.springframework.aop.target.SimpleBeanTargetSource.getTarget(SimpleBeanTargetSource.java:35)
	at org.springframework.cloud.netflix.eureka.serviceregistry.EurekaRegistration.getTargetObject(EurekaRegistration.java:128)
	at org.springframework.cloud.netflix.eureka.serviceregistry.EurekaRegistration.getEurekaClient(EurekaRegistration.java:116)
	at java.base/jdk.internal.reflect.DirectMethodHandleAccessor.invoke(DirectMethodHandleAccessor.java:103)
	at java.base/java.lang.reflect.Method.invoke(Method.java:580)
	at org.springframework.util.ReflectionUtils.invokeMethod(ReflectionUtils.java:281)
	at org.springframework.cloud.context.scope.GenericScope$LockedScopedProxyFactoryBean.invoke(GenericScope.java:480)
	at org.springframework.aop.framework.ReflectiveMethodInvocation.proceed(ReflectiveMethodInvocation.java:179)
	at org.springframework.aop.framework.CglibAopProxy$DynamicAdvisedInterceptor.intercept(CglibAopProxy.java:719)
	at org.springframework.cloud.netflix.eureka.serviceregistry.EurekaRegistration$$SpringCGLIB$$0.getEurekaClient(<generated>)
	at org.springframework.cloud.netflix.eureka.serviceregistry.EurekaServiceRegistry.maybeInitializeClient(EurekaServiceRegistry.java:83)
	at org.springframework.cloud.netflix.eureka.serviceregistry.EurekaServiceRegistry.register(EurekaServiceRegistry.java:66)
	at org.springframework.cloud.netflix.eureka.serviceregistry.EurekaAutoServiceRegistration.start(EurekaAutoServiceRegistration.java:89)
	at org.springframework.context.support.DefaultLifecycleProcessor.doStart(DefaultLifecycleProcessor.java:420)
	at org.springframework.context.support.DefaultLifecycleProcessor.doStart(DefaultLifecycleProcessor.java:409)
	at org.springframework.context.support.DefaultLifecycleProcessor$LifecycleGroup.start(DefaultLifecycleProcessor.java:613)
	at java.base/java.lang.Iterable.forEach(Iterable.java:75)
	at org.springframework.context.support.DefaultLifecycleProcessor.startBeans(DefaultLifecycleProcessor.java:379)
	at org.springframework.context.support.DefaultLifecycleProcessor.onRefresh(DefaultLifecycleProcessor.java:306)
	at org.springframework.context.support.AbstractApplicationContext.finishRefresh(AbstractApplicationContext.java:1013)
	at org.springframework.context.support.AbstractApplicationContext.refresh(AbstractApplicationContext.java:624)
	at org.springframework.boot.SpringApplication.refresh(SpringApplication.java:756)
	at org.springframework.boot.SpringApplication.refreshContext(SpringApplication.java:445)
	at org.springframework.boot.SpringApplication.run(SpringApplication.java:321)
	at org.springframework.boot.test.context.SpringBootContextLoader.lambda$loadContext$2(SpringBootContextLoader.java:155)
	at org.springframework.util.function.ThrowingSupplier.get(ThrowingSupplier.java:58)
	at org.springframework.util.function.ThrowingSupplier.get(ThrowingSupplier.java:46)
	at org.springframework.boot.SpringApplication.withHook(SpringApplication.java:1465)
	at org.springframework.boot.test.context.SpringBootContextLoader$ContextLoaderHook.run(SpringBootContextLoader.java:600)
	at org.springframework.boot.test.context.SpringBootContextLoader.loadContext(SpringBootContextLoader.java:155)
	at org.springframework.boot.test.context.SpringBootContextLoader.loadContext(SpringBootContextLoader.java:114)
	at org.springframework.test.context.cache.DefaultCacheAwareContextLoaderDelegate.loadContextInternal(DefaultCacheAwareContextLoaderDelegate.java:247)
	at org.springframework.test.context.cache.DefaultCacheAwareContextLoaderDelegate.lambda$loadContext$0(DefaultCacheAwareContextLoaderDelegate.java:167)
	at org.springframework.test.context.cache.DefaultContextCache.put(DefaultContextCache.java:214)
	at org.springframework.test.context.cache.DefaultCacheAwareContextLoaderDelegate.loadContext(DefaultCacheAwareContextLoaderDelegate.java:160)
	at org.springframework.test.context.support.DefaultTestContext.getApplicationContext(DefaultTestContext.java:128)
	at org.springframework.test.context.web.ServletTestExecutionListener.setUpRequestContextIfNecessary(ServletTestExecutionListener.java:200)
	at org.springframework.test.context.web.ServletTestExecutionListener.prepareTestInstance(ServletTestExecutionListener.java:139)
	at org.springframework.test.context.TestContextManager.prepareTestInstance(TestContextManager.java:260)
	at org.springframework.test.context.junit.jupiter.SpringExtension.postProcessTestInstance(SpringExtension.java:242)
	at org.junit.jupiter.engine.descriptor.ClassBasedTestDescriptor.lambda$invokeTestInstancePostProcessors$1(ClassBasedTestDescriptor.java:423)
	at org.junit.jupiter.engine.descriptor.ClassBasedTestDescriptor.executeAndMaskThrowable(ClassBasedTestDescriptor.java:428)
	at org.junit.jupiter.engine.descriptor.ClassBasedTestDescriptor.lambda$invokeTestInstancePostProcessors$0(ClassBasedTestDescriptor.java:422)
	at java.base/java.util.stream.ForEachOps$ForEachOp$OfRef.accept(ForEachOps.java:184)
	at java.base/java.util.stream.ReferencePipeline$3$1.accept(ReferencePipeline.java:197)
	at java.base/java.util.stream.ReferencePipeline$2$1.accept(ReferencePipeline.java:179)
	at java.base/java.util.stream.ReferencePipeline$3$1.accept(ReferencePipeline.java:197)
	at java.base/java.util.ArrayList$ArrayListSpliterator.forEachRemaining(ArrayList.java:1708)
	at java.base/java.util.stream.AbstractPipeline.copyInto(AbstractPipeline.java:509)
	at java.base/java.util.stream.AbstractPipeline.wrapAndCopyInto(AbstractPipeline.java:499)
	at java.base/java.util.stream.ForEachOps$ForEachOp.evaluateSequential(ForEachOps.java:151)
	at java.base/java.util.stream.ForEachOps$ForEachOp$OfRef.evaluateSequential(ForEachOps.java:174)
	at java.base/java.util.stream.AbstractPipeline.evaluate(AbstractPipeline.java:234)
	at java.base/java.util.stream.ReferencePipeline.forEach(ReferencePipeline.java:596)
	at org.junit.jupiter.engine.descriptor.ClassBasedTestDescriptor.invokeTestInstancePostProcessors(ClassBasedTestDescriptor.java:422)
	at org.junit.jupiter.engine.descriptor.ClassBasedTestDescriptor.lambda$instantiateAndPostProcessTestInstance$0(ClassBasedTestDescriptor.java:334)
	at org.junit.platform.engine.support.hierarchical.ThrowableCollector.execute(ThrowableCollector.java:74)
	at org.junit.jupiter.engine.descriptor.ClassBasedTestDescriptor.instantiateAndPostProcessTestInstance(ClassBasedTestDescriptor.java:333)
	at org.junit.jupiter.engine.descriptor.ClassBasedTestDescriptor.lambda$testInstancesProvider$1(ClassBasedTestDescriptor.java:322)
	at java.base/java.util.Optional.orElseGet(Optional.java:364)
	at org.junit.jupiter.engine.descriptor.ClassBasedTestDescriptor.lambda$testInstancesProvider$0(ClassBasedTestDescriptor.java:321)
	at org.junit.jupiter.engine.execution.TestInstancesProvider.getTestInstances(TestInstancesProvider.java:27)
	at org.junit.jupiter.engine.descriptor.TestMethodTestDescriptor.lambda$prepare$0(TestMethodTestDescriptor.java:127)
	at org.junit.platform.engine.support.hierarchical.ThrowableCollector.execute(ThrowableCollector.java:74)
	at org.junit.jupiter.engine.descriptor.TestMethodTestDescriptor.prepare(TestMethodTestDescriptor.java:126)
	at org.junit.jupiter.engine.descriptor.TestMethodTestDescriptor.prepare(TestMethodTestDescriptor.java:70)
	at org.junit.platform.engine.support.hierarchical.NodeTestTask.lambda$prepare$0(NodeTestTask.java:144)
	at org.junit.platform.engine.support.hierarchical.ThrowableCollector.execute(ThrowableCollector.java:74)
	at org.junit.platform.engine.support.hierarchical.NodeTestTask.prepare(NodeTestTask.java:144)
	at org.junit.platform.engine.support.hierarchical.NodeTestTask.execute(NodeTestTask.java:110)
	at java.base/java.util.ArrayList.forEach(ArrayList.java:1596)
	at org.junit.platform.engine.support.hierarchical.SameThreadHierarchicalTestExecutorService.invokeAll(SameThreadHierarchicalTestExecutorService.java:42)
	at org.junit.platform.engine.support.hierarchical.NodeTestTask.lambda$executeRecursively$2(NodeTestTask.java:180)
	at org.junit.platform.engine.support.hierarchical.ThrowableCollector.execute(ThrowableCollector.java:74)
	at org.junit.platform.engine.support.hierarchical.NodeTestTask.lambda$executeRecursively$1(NodeTestTask.java:166)
	at org.junit.platform.engine.support.hierarchical.Node.around(Node.java:138)
	at org.junit.platform.engine.support.hierarchical.NodeTestTask.lambda$executeRecursively$0(NodeTestTask.java:164)
	at org.junit.platform.engine.support.hierarchical.ThrowableCollector.execute(ThrowableCollector.java:74)
	at org.junit.platform.engine.support.hierarchical.NodeTestTask.executeRecursively(NodeTestTask.java:163)
	at org.junit.platform.engine.support.hierarchical.NodeTestTask.execute(NodeTestTask.java:116)
	at java.base/java.util.ArrayList.forEach(ArrayList.java:1596)
	at org.junit.platform.engine.support.hierarchical.SameThreadHierarchicalTestExecutorService.invokeAll(SameThreadHierarchicalTestExecutorService.java:42)
	at org.junit.platform.engine.support.hierarchical.NodeTestTask.lambda$executeRecursively$2(NodeTestTask.java:180)
	at org.junit.platform.engine.support.hierarchical.ThrowableCollector.execute(ThrowableCollector.java:74)
	at org.junit.platform.engine.support.hierarchical.NodeTestTask.lambda$executeRecursively$1(NodeTestTask.java:166)
	at org.junit.platform.engine.support.hierarchical.Node.around(Node.java:138)
	at org.junit.platform.engine.support.hierarchical.NodeTestTask.lambda$executeRecursively$0(NodeTestTask.java:164)
	at org.junit.platform.engine.support.hierarchical.ThrowableCollector.execute(ThrowableCollector.java:74)
	at org.junit.platform.engine.support.hierarchical.NodeTestTask.executeRecursively(NodeTestTask.java:163)
	at org.junit.platform.engine.support.hierarchical.NodeTestTask.execute(NodeTestTask.java:116)
	at org.junit.platform.engine.support.hierarchical.SameThreadHierarchicalTestExecutorService.submit(SameThreadHierarchicalTestExecutorService.java:36)
	at org.junit.platform.engine.support.hierarchical.HierarchicalTestExecutor.execute(HierarchicalTestExecutor.java:52)
	at org.junit.platform.engine.support.hierarchical.HierarchicalTestEngine.execute(HierarchicalTestEngine.java:58)
	at org.junit.platform.launcher.core.EngineExecutionOrchestrator.executeEngine(EngineExecutionOrchestrator.java:246)
	at org.junit.platform.launcher.core.EngineExecutionOrchestrator.failOrExecuteEngine(EngineExecutionOrchestrator.java:218)
	at org.junit.platform.launcher.core.EngineExecutionOrchestrator.execute(EngineExecutionOrchestrator.java:179)
	at org.junit.platform.launcher.core.EngineExecutionOrchestrator.execute(EngineExecutionOrchestrator.java:108)
	at org.junit.platform.launcher.core.EngineExecutionOrchestrator.lambda$execute$0(EngineExecutionOrchestrator.java:66)
	at org.junit.platform.launcher.core.EngineExecutionOrchestrator.withInterceptedStreams(EngineExecutionOrchestrator.java:157)
	at org.junit.platform.launcher.core.EngineExecutionOrchestrator.execute(EngineExecutionOrchestrator.java:65)
	at org.junit.platform.launcher.core.DefaultLauncher.execute(DefaultLauncher.java:125)
	at org.junit.platform.launcher.core.DefaultLauncher.execute(DefaultLauncher.java:114)
	at org.junit.platform.launcher.core.DelegatingLauncher.execute(DelegatingLauncher.java:58)
	at org.junit.platform.launcher.core.InterceptingLauncher.lambda$execute$2(InterceptingLauncher.java:57)
	at org.junit.platform.launcher.core.ClasspathAlignmentCheckingLauncherInterceptor.intercept(ClasspathAlignmentCheckingLauncherInterceptor.java:25)
	at org.junit.platform.launcher.core.InterceptingLauncher.execute(InterceptingLauncher.java:56)
	at org.junit.platform.launcher.core.DelegatingLauncher.execute(DelegatingLauncher.java:58)
	at java.base/jdk.internal.reflect.DirectMethodHandleAccessor.invoke(DirectMethodHandleAccessor.java:103)
	at java.base/java.lang.reflect.Method.invoke(Method.java:580)
	at org.apache.maven.surefire.api.util.ReflectionUtils.invokeMethodWithArray(ReflectionUtils.java:125)
	at org.apache.maven.surefire.junitplatform.LauncherAdapter.executeWithCancellationToken(LauncherAdapter.java:68)
	at org.apache.maven.surefire.junitplatform.LauncherAdapter.execute(LauncherAdapter.java:54)
	at org.apache.maven.surefire.junitplatform.JUnitPlatformProvider.execute(JUnitPlatformProvider.java:203)
	at org.apache.maven.surefire.junitplatform.JUnitPlatformProvider.invokeAllTests(JUnitPlatformProvider.java:168)
	at org.apache.maven.surefire.junitplatform.JUnitPlatformProvider.invoke(JUnitPlatformProvider.java:136)
	at org.apache.maven.surefire.booter.ForkedBooter.runSuitesInProcess(ForkedBooter.java:385)
	at org.apache.maven.surefire.booter.ForkedBooter.execute(ForkedBooter.java:162)
	at org.apache.maven.surefire.booter.ForkedBooter.run(ForkedBooter.java:507)
	at org.apache.maven.surefire.booter.ForkedBooter.main(ForkedBooter.java:495)

2026-07-16T15:02:53.566-04:00  INFO 2760 --- [ms-usuario] [main] com.netflix.discovery.DiscoveryClient    : Initial registry fetch from primary servers failed
2026-07-16T15:02:53.566-04:00  WARN 2760 --- [ms-usuario] [main] com.netflix.discovery.DiscoveryClient    : Using default backup registry implementation which does not do anything.
2026-07-16T15:02:53.566-04:00  INFO 2760 --- [ms-usuario] [main] com.netflix.discovery.DiscoveryClient    : Initial registry fetch from backup servers failed
2026-07-16T15:02:53.566-04:00  INFO 2760 --- [ms-usuario] [main] com.netflix.discovery.DiscoveryClient    : Starting heartbeat executor: renew interval is: 30
2026-07-16T15:02:53.580-04:00  INFO 2760 --- [ms-usuario] [main] c.n.discovery.InstanceInfoReplicator     : InstanceInfoReplicator onDemand update allowed rate per min is 4
2026-07-16T15:02:53.586-04:00  INFO 2760 --- [ms-usuario] [main] com.netflix.discovery.DiscoveryClient    : Discovery Client initialized at timestamp 1784228573585 with initial instances count: 0
2026-07-16T15:02:53.586-04:00  INFO 2760 --- [ms-usuario] [main] o.s.c.n.e.s.EurekaServiceRegistry        : Registering application MS-USUARIO with eureka with status UP
2026-07-16T15:02:53.593-04:00  INFO 2760 --- [ms-usuario] [main] com.netflix.discovery.DiscoveryClient    : Saw local status change event StatusChangeEvent [timestamp=1784228573593, current=UP, previous=STARTING]
2026-07-16T15:02:53.597-04:00  INFO 2760 --- [ms-usuario] [DiscoveryClient-InstanceInfoReplicator-%d] com.netflix.discovery.DiscoveryClient    : DiscoveryClient_MS-USUARIO/Tititi:ms-usuario:8082: registering service...
2026-07-16T15:02:53.607-04:00  INFO 2760 --- [ms-usuario] [main] c.p.u.UsuarioServiceApplicationTests     : Started UsuarioServiceApplicationTests in 9.389 seconds (process running for 21.672)
2026-07-16T15:02:53.597-04:00  WARN 2760 --- [ms-usuario] [DiscoveryClient-InstanceInfoReplicator-%d] com.netflix.discovery.DiscoveryClient    : DiscoveryClient_MS-USUARIO/Tititi:ms-usuario:8082 - registration failed There is no known eureka server; cluster server list is empty

com.netflix.discovery.shared.transport.TransportException: There is no known eureka server; cluster server list is empty
	at com.netflix.discovery.shared.transport.decorator.RetryableEurekaHttpClient.execute(RetryableEurekaHttpClient.java:108) ~[eureka-client-2.0.5.jar:2.0.5]
	at com.netflix.discovery.shared.transport.decorator.EurekaHttpClientDecorator.register(EurekaHttpClientDecorator.java:56) ~[eureka-client-2.0.5.jar:2.0.5]
	at com.netflix.discovery.shared.transport.decorator.EurekaHttpClientDecorator$1.execute(EurekaHttpClientDecorator.java:59) ~[eureka-client-2.0.5.jar:2.0.5]
	at com.netflix.discovery.shared.transport.decorator.SessionedEurekaHttpClient.execute(SessionedEurekaHttpClient.java:76) ~[eureka-client-2.0.5.jar:2.0.5]
	at com.netflix.discovery.shared.transport.decorator.EurekaHttpClientDecorator.register(EurekaHttpClientDecorator.java:56) ~[eureka-client-2.0.5.jar:2.0.5]
	at com.netflix.discovery.DiscoveryClient.register(DiscoveryClient.java:828) ~[eureka-client-2.0.5.jar:2.0.5]
	at com.netflix.discovery.InstanceInfoReplicator.run(InstanceInfoReplicator.java:125) ~[eureka-client-2.0.5.jar:2.0.5]
	at com.netflix.discovery.InstanceInfoReplicator$2.run(InstanceInfoReplicator.java:105) ~[eureka-client-2.0.5.jar:2.0.5]
	at java.base/java.util.concurrent.Executors$RunnableAdapter.call(Executors.java:572) ~[na:na]
	at java.base/java.util.concurrent.FutureTask.run(FutureTask.java:317) ~[na:na]
	at java.base/java.util.concurrent.ScheduledThreadPoolExecutor$ScheduledFutureTask.run(ScheduledThreadPoolExecutor.java:304) ~[na:na]
	at java.base/java.util.concurrent.ThreadPoolExecutor.runWorker(ThreadPoolExecutor.java:1144) ~[na:na]
	at java.base/java.util.concurrent.ThreadPoolExecutor$Worker.run(ThreadPoolExecutor.java:642) ~[na:na]
	at java.base/java.lang.Thread.run(Thread.java:1583) ~[na:na]

2026-07-16T15:02:53.607-04:00  WARN 2760 --- [ms-usuario] [DiscoveryClient-InstanceInfoReplicator-%d] c.n.discovery.InstanceInfoReplicator     : There was a problem with the instance info replicator

com.netflix.discovery.shared.transport.TransportException: There is no known eureka server; cluster server list is empty
	at com.netflix.discovery.shared.transport.decorator.RetryableEurekaHttpClient.execute(RetryableEurekaHttpClient.java:108) ~[eureka-client-2.0.5.jar:2.0.5]
	at com.netflix.discovery.shared.transport.decorator.EurekaHttpClientDecorator.register(EurekaHttpClientDecorator.java:56) ~[eureka-client-2.0.5.jar:2.0.5]
	at com.netflix.discovery.shared.transport.decorator.EurekaHttpClientDecorator$1.execute(EurekaHttpClientDecorator.java:59) ~[eureka-client-2.0.5.jar:2.0.5]
	at com.netflix.discovery.shared.transport.decorator.SessionedEurekaHttpClient.execute(SessionedEurekaHttpClient.java:76) ~[eureka-client-2.0.5.jar:2.0.5]
	at com.netflix.discovery.shared.transport.decorator.EurekaHttpClientDecorator.register(EurekaHttpClientDecorator.java:56) ~[eureka-client-2.0.5.jar:2.0.5]
	at com.netflix.discovery.DiscoveryClient.register(DiscoveryClient.java:828) ~[eureka-client-2.0.5.jar:2.0.5]
	at com.netflix.discovery.InstanceInfoReplicator.run(InstanceInfoReplicator.java:125) ~[eureka-client-2.0.5.jar:2.0.5]
	at com.netflix.discovery.InstanceInfoReplicator$2.run(InstanceInfoReplicator.java:105) ~[eureka-client-2.0.5.jar:2.0.5]
	at java.base/java.util.concurrent.Executors$RunnableAdapter.call(Executors.java:572) ~[na:na]
	at java.base/java.util.concurrent.FutureTask.run(FutureTask.java:317) ~[na:na]
	at java.base/java.util.concurrent.ScheduledThreadPoolExecutor$ScheduledFutureTask.run(ScheduledThreadPoolExecutor.java:304) ~[na:na]
	at java.base/java.util.concurrent.ThreadPoolExecutor.runWorker(ThreadPoolExecutor.java:1144) ~[na:na]
	at java.base/java.util.concurrent.ThreadPoolExecutor$Worker.run(ThreadPoolExecutor.java:642) ~[na:na]
	at java.base/java.lang.Thread.run(Thread.java:1583) ~[na:na]

2026-07-16T15:02:53.654-04:00 DEBUG 2760 --- [ms-usuario] [SpringApplicationShutdownHook] o.s.w.c.s.GenericWebApplicationContext   : Closing org.springframework.web.context.support.GenericWebApplicationContext@76ed7573, started on Thu Jul 16 15:02:36 CLT 2026
2026-07-16T15:02:53.656-04:00 DEBUG 2760 --- [ms-usuario] [SpringApplicationShutdownHook] o.s.w.c.s.GenericWebApplicationContext   : Closing org.springframework.web.context.support.GenericWebApplicationContext@6f677c34, started on Thu Jul 16 15:02:44 CLT 2026
2026-07-16T15:02:53.658-04:00  INFO 2760 --- [ms-usuario] [SpringApplicationShutdownHook] o.s.c.n.e.s.EurekaServiceRegistry        : Unregistering application MS-USUARIO with eureka with status DOWN
2026-07-16T15:02:53.659-04:00  INFO 2760 --- [ms-usuario] [SpringApplicationShutdownHook] com.netflix.discovery.DiscoveryClient    : Saw local status change event StatusChangeEvent [timestamp=1784228573659, current=DOWN, previous=UP]
2026-07-16T15:02:53.659-04:00  INFO 2760 --- [ms-usuario] [DiscoveryClient-InstanceInfoReplicator-%d] com.netflix.discovery.DiscoveryClient    : DiscoveryClient_MS-USUARIO/Tititi:ms-usuario:8082: registering service...
2026-07-16T15:02:53.659-04:00  WARN 2760 --- [ms-usuario] [DiscoveryClient-InstanceInfoReplicator-%d] com.netflix.discovery.DiscoveryClient    : DiscoveryClient_MS-USUARIO/Tititi:ms-usuario:8082 - registration failed There is no known eureka server; cluster server list is empty

com.netflix.discovery.shared.transport.TransportException: There is no known eureka server; cluster server list is empty
	at com.netflix.discovery.shared.transport.decorator.RetryableEurekaHttpClient.execute(RetryableEurekaHttpClient.java:108) ~[eureka-client-2.0.5.jar:2.0.5]
	at com.netflix.discovery.shared.transport.decorator.EurekaHttpClientDecorator.register(EurekaHttpClientDecorator.java:56) ~[eureka-client-2.0.5.jar:2.0.5]
	at com.netflix.discovery.shared.transport.decorator.EurekaHttpClientDecorator$1.execute(EurekaHttpClientDecorator.java:59) ~[eureka-client-2.0.5.jar:2.0.5]
	at com.netflix.discovery.shared.transport.decorator.SessionedEurekaHttpClient.execute(SessionedEurekaHttpClient.java:76) ~[eureka-client-2.0.5.jar:2.0.5]
	at com.netflix.discovery.shared.transport.decorator.EurekaHttpClientDecorator.register(EurekaHttpClientDecorator.java:56) ~[eureka-client-2.0.5.jar:2.0.5]
	at com.netflix.discovery.DiscoveryClient.register(DiscoveryClient.java:828) ~[eureka-client-2.0.5.jar:2.0.5]
	at com.netflix.discovery.InstanceInfoReplicator.run(InstanceInfoReplicator.java:125) ~[eureka-client-2.0.5.jar:2.0.5]
	at com.netflix.discovery.InstanceInfoReplicator$2.run(InstanceInfoReplicator.java:105) ~[eureka-client-2.0.5.jar:2.0.5]
	at java.base/java.util.concurrent.Executors$RunnableAdapter.call(Executors.java:572) ~[na:na]
	at java.base/java.util.concurrent.FutureTask.run(FutureTask.java:317) ~[na:na]
	at java.base/java.util.concurrent.ScheduledThreadPoolExecutor$ScheduledFutureTask.run(ScheduledThreadPoolExecutor.java:304) ~[na:na]
	at java.base/java.util.concurrent.ThreadPoolExecutor.runWorker(ThreadPoolExecutor.java:1144) ~[na:na]
	at java.base/java.util.concurrent.ThreadPoolExecutor$Worker.run(ThreadPoolExecutor.java:642) ~[na:na]
	at java.base/java.lang.Thread.run(Thread.java:1583) ~[na:na]

2026-07-16T15:02:53.659-04:00  WARN 2760 --- [ms-usuario] [DiscoveryClient-InstanceInfoReplicator-%d] c.n.discovery.InstanceInfoReplicator     : There was a problem with the instance info replicator

com.netflix.discovery.shared.transport.TransportException: There is no known eureka server; cluster server list is empty
	at com.netflix.discovery.shared.transport.decorator.RetryableEurekaHttpClient.execute(RetryableEurekaHttpClient.java:108) ~[eureka-client-2.0.5.jar:2.0.5]
	at com.netflix.discovery.shared.transport.decorator.EurekaHttpClientDecorator.register(EurekaHttpClientDecorator.java:56) ~[eureka-client-2.0.5.jar:2.0.5]
	at com.netflix.discovery.shared.transport.decorator.EurekaHttpClientDecorator$1.execute(EurekaHttpClientDecorator.java:59) ~[eureka-client-2.0.5.jar:2.0.5]
	at com.netflix.discovery.shared.transport.decorator.SessionedEurekaHttpClient.execute(SessionedEurekaHttpClient.java:76) ~[eureka-client-2.0.5.jar:2.0.5]
	at com.netflix.discovery.shared.transport.decorator.EurekaHttpClientDecorator.register(EurekaHttpClientDecorator.java:56) ~[eureka-client-2.0.5.jar:2.0.5]
	at com.netflix.discovery.DiscoveryClient.register(DiscoveryClient.java:828) ~[eureka-client-2.0.5.jar:2.0.5]
	at com.netflix.discovery.InstanceInfoReplicator.run(InstanceInfoReplicator.java:125) ~[eureka-client-2.0.5.jar:2.0.5]
	at com.netflix.discovery.InstanceInfoReplicator$2.run(InstanceInfoReplicator.java:105) ~[eureka-client-2.0.5.jar:2.0.5]
	at java.base/java.util.concurrent.Executors$RunnableAdapter.call(Executors.java:572) ~[na:na]
	at java.base/java.util.concurrent.FutureTask.run(FutureTask.java:317) ~[na:na]
	at java.base/java.util.concurrent.ScheduledThreadPoolExecutor$ScheduledFutureTask.run(ScheduledThreadPoolExecutor.java:304) ~[na:na]
	at java.base/java.util.concurrent.ThreadPoolExecutor.runWorker(ThreadPoolExecutor.java:1144) ~[na:na]
	at java.base/java.util.concurrent.ThreadPoolExecutor$Worker.run(ThreadPoolExecutor.java:642) ~[na:na]
	at java.base/java.lang.Thread.run(Thread.java:1583) ~[na:na]

2026-07-16T15:02:54.107-04:00  INFO 2760 --- [ms-usuario] [SpringApplicationShutdownHook] j.LocalContainerEntityManagerFactoryBean : Closing JPA EntityManagerFactory for persistence unit 'default'
2026-07-16T15:02:54.110-04:00  INFO 2760 --- [ms-usuario] [SpringApplicationShutdownHook] com.zaxxer.hikari.HikariDataSource       : HikariPool-1 - Shutdown initiated...
2026-07-16T15:02:54.114-04:00  INFO 2760 --- [ms-usuario] [SpringApplicationShutdownHook] com.zaxxer.hikari.HikariDataSource       : HikariPool-1 - Shutdown completed.
2026-07-16T15:02:54.114-04:00  INFO 2760 --- [ms-usuario] [SpringApplicationShutdownHook] com.netflix.discovery.DiscoveryClient    : Shutting down DiscoveryClient ...
2026-07-16T15:02:57.118-04:00  INFO 2760 --- [ms-usuario] [SpringApplicationShutdownHook] com.netflix.discovery.DiscoveryClient    : Unregistering ...
2026-07-16T15:02:57.120-04:00 ERROR 2760 --- [ms-usuario] [SpringApplicationShutdownHook] com.netflix.discovery.DiscoveryClient    : DiscoveryClient_MS-USUARIO/Tititi:ms-usuario:8082 - de-registration failedThere is no known eureka server; cluster server list is empty

com.netflix.discovery.shared.transport.TransportException: There is no known eureka server; cluster server list is empty
	at com.netflix.discovery.shared.transport.decorator.RetryableEurekaHttpClient.execute(RetryableEurekaHttpClient.java:108) ~[eureka-client-2.0.5.jar:2.0.5]
	at com.netflix.discovery.shared.transport.decorator.EurekaHttpClientDecorator.cancel(EurekaHttpClientDecorator.java:71) ~[eureka-client-2.0.5.jar:2.0.5]
	at com.netflix.discovery.shared.transport.decorator.EurekaHttpClientDecorator$2.execute(EurekaHttpClientDecorator.java:74) ~[eureka-client-2.0.5.jar:2.0.5]
	at com.netflix.discovery.shared.transport.decorator.SessionedEurekaHttpClient.execute(SessionedEurekaHttpClient.java:76) ~[eureka-client-2.0.5.jar:2.0.5]
	at com.netflix.discovery.shared.transport.decorator.EurekaHttpClientDecorator.cancel(EurekaHttpClientDecorator.java:71) ~[eureka-client-2.0.5.jar:2.0.5]
	at com.netflix.discovery.DiscoveryClient.unregister(DiscoveryClient.java:919) ~[eureka-client-2.0.5.jar:2.0.5]
	at com.netflix.discovery.DiscoveryClient.shutdown(DiscoveryClient.java:900) ~[eureka-client-2.0.5.jar:2.0.5]
	at java.base/jdk.internal.reflect.DirectMethodHandleAccessor.invoke(DirectMethodHandleAccessor.java:103) ~[na:na]
	at java.base/java.lang.reflect.Method.invoke(Method.java:580) ~[na:na]
	at org.springframework.beans.factory.annotation.InitDestroyAnnotationBeanPostProcessor$LifecycleMethod.invoke(InitDestroyAnnotationBeanPostProcessor.java:453) ~[spring-beans-7.0.8.jar:7.0.8]
	at org.springframework.beans.factory.annotation.InitDestroyAnnotationBeanPostProcessor$LifecycleMetadata.invokeDestroyMethods(InitDestroyAnnotationBeanPostProcessor.java:411) ~[spring-beans-7.0.8.jar:7.0.8]
	at org.springframework.beans.factory.annotation.InitDestroyAnnotationBeanPostProcessor.postProcessBeforeDestruction(InitDestroyAnnotationBeanPostProcessor.java:237) ~[spring-beans-7.0.8.jar:7.0.8]
	at org.springframework.beans.factory.support.DisposableBeanAdapter.destroy(DisposableBeanAdapter.java:200) ~[spring-beans-7.0.8.jar:7.0.8]
	at org.springframework.beans.factory.support.DisposableBeanAdapter.run(DisposableBeanAdapter.java:193) ~[spring-beans-7.0.8.jar:7.0.8]
	at org.springframework.cloud.context.scope.GenericScope$BeanLifecycleWrapper.destroy(GenericScope.java:387) ~[spring-cloud-context-5.0.1.jar:5.0.1]
	at org.springframework.cloud.context.scope.GenericScope.destroy(GenericScope.java:134) ~[spring-cloud-context-5.0.1.jar:5.0.1]
	at org.springframework.beans.factory.support.DisposableBeanAdapter.destroy(DisposableBeanAdapter.java:209) ~[spring-beans-7.0.8.jar:7.0.8]
	at org.springframework.beans.factory.support.DefaultSingletonBeanRegistry.destroyBean(DefaultSingletonBeanRegistry.java:795) ~[spring-beans-7.0.8.jar:7.0.8]
	at org.springframework.beans.factory.support.DefaultSingletonBeanRegistry.destroySingleton(DefaultSingletonBeanRegistry.java:745) ~[spring-beans-7.0.8.jar:7.0.8]
	at org.springframework.beans.factory.support.DefaultListableBeanFactory.destroySingleton(DefaultListableBeanFactory.java:1507) ~[spring-beans-7.0.8.jar:7.0.8]
	at org.springframework.beans.factory.support.DefaultSingletonBeanRegistry.destroySingletons(DefaultSingletonBeanRegistry.java:704) ~[spring-beans-7.0.8.jar:7.0.8]
	at org.springframework.beans.factory.support.DefaultListableBeanFactory.destroySingletons(DefaultListableBeanFactory.java:1500) ~[spring-beans-7.0.8.jar:7.0.8]
	at org.springframework.context.support.AbstractApplicationContext.destroyBeans(AbstractApplicationContext.java:1246) ~[spring-context-7.0.8.jar:7.0.8]
	at org.springframework.context.support.AbstractApplicationContext.doClose(AbstractApplicationContext.java:1207) ~[spring-context-7.0.8.jar:7.0.8]
	at org.springframework.context.support.AbstractApplicationContext.close(AbstractApplicationContext.java:1153) ~[spring-context-7.0.8.jar:7.0.8]
	at org.springframework.boot.SpringApplicationShutdownHook.closeAndWait(SpringApplicationShutdownHook.java:147) ~[spring-boot-4.0.7.jar:4.0.7]
	at java.base/java.lang.Iterable.forEach(Iterable.java:75) ~[na:na]
	at org.springframework.boot.SpringApplicationShutdownHook.run(SpringApplicationShutdownHook.java:116) ~[spring-boot-4.0.7.jar:4.0.7]
	at java.base/java.lang.Thread.run(Thread.java:1583) ~[na:na]

2026-07-16T15:02:57.122-04:00  INFO 2760 --- [ms-usuario] [SpringApplicationShutdownHook] com.netflix.discovery.DiscoveryClient    : Completed shut down of DiscoveryClient
